../Core/Src/main.c:114:6:delay_us	16	static
../Core/Src/main.c:125:5:main	40	static
../Core/Src/main.c:499:6:SystemClock_Config	88	static
../Core/Src/main.c:545:13:MX_ADC1_Init	24	static
../Core/Src/main.c:597:13:MX_I2C1_Init	8	static
../Core/Src/main.c:631:13:MX_TIM1_Init	32	static
../Core/Src/main.c:677:13:MX_TIM2_Init	48	static
../Core/Src/main.c:738:13:MX_TIM3_Init	48	static
../Core/Src/main.c:799:13:MX_TIM4_Init	48	static
../Core/Src/main.c:861:13:MX_USART1_UART_Init	8	static
../Core/Src/main.c:894:13:MX_GPIO_Init	48	static
../Core/Src/main.c:966:6:HAL_TIM_IC_CaptureCallback	16	static
../Core/Src/main.c:989:6:HAL_GPIO_EXTI_Callback	16	static
../Core/Src/main.c:1006:6:Error_Handler	4	static,ignoring_inline_asm
