Archive member included to satisfy reference by file (symbol)

c:/st/stm32cubeide_1.9.0/stm32cubeide/plugins/com.st.stm32cube.ide.mcu.externaltools.gnu-tools-for-stm32.10.3-2021.10.win32_1.0.0.202111181127/tools/bin/../lib/gcc/arm-none-eabi/10.3.1/../../../../arm-none-eabi/lib/thumb/v7e-m+fp/hard\libc_nano.a(lib_a-errno.o)
                              ./Core/Src/syscalls.o (__errno)
c:/st/stm32cubeide_1.9.0/stm32cubeide/plugins/com.st.stm32cube.ide.mcu.externaltools.gnu-tools-for-stm32.10.3-2021.10.win32_1.0.0.202111181127/tools/bin/../lib/gcc/arm-none-eabi/10.3.1/../../../../arm-none-eabi/lib/thumb/v7e-m+fp/hard\libc_nano.a(lib_a-exit.o)
                              c:/st/stm32cubeide_1.9.0/stm32cubeide/plugins/com.st.stm32cube.ide.mcu.externaltools.gnu-tools-for-stm32.10.3-2021.10.win32_1.0.0.202111181127/tools/bin/../lib/gcc/arm-none-eabi/10.3.1/../../../../arm-none-eabi/lib/thumb/v7e-m+fp/hard/crt0.o (exit)
c:/st/stm32cubeide_1.9.0/stm32cubeide/plugins/com.st.stm32cube.ide.mcu.externaltools.gnu-tools-for-stm32.10.3-2021.10.win32_1.0.0.202111181127/tools/bin/../lib/gcc/arm-none-eabi/10.3.1/../../../../arm-none-eabi/lib/thumb/v7e-m+fp/hard\libc_nano.a(lib_a-impure.o)
                              c:/st/stm32cubeide_1.9.0/stm32cubeide/plugins/com.st.stm32cube.ide.mcu.externaltools.gnu-tools-for-stm32.10.3-2021.10.win32_1.0.0.202111181127/tools/bin/../lib/gcc/arm-none-eabi/10.3.1/../../../../arm-none-eabi/lib/thumb/v7e-m+fp/hard\libc_nano.a(lib_a-exit.o) (_global_impure_ptr)
c:/st/stm32cubeide_1.9.0/stm32cubeide/plugins/com.st.stm32cube.ide.mcu.externaltools.gnu-tools-for-stm32.10.3-2021.10.win32_1.0.0.202111181127/tools/bin/../lib/gcc/arm-none-eabi/10.3.1/../../../../arm-none-eabi/lib/thumb/v7e-m+fp/hard\libc_nano.a(lib_a-init.o)
                              c:/st/stm32cubeide_1.9.0/stm32cubeide/plugins/com.st.stm32cube.ide.mcu.externaltools.gnu-tools-for-stm32.10.3-2021.10.win32_1.0.0.202111181127/tools/bin/../lib/gcc/arm-none-eabi/10.3.1/../../../../arm-none-eabi/lib/thumb/v7e-m+fp/hard/crt0.o (__libc_init_array)
c:/st/stm32cubeide_1.9.0/stm32cubeide/plugins/com.st.stm32cube.ide.mcu.externaltools.gnu-tools-for-stm32.10.3-2021.10.win32_1.0.0.202111181127/tools/bin/../lib/gcc/arm-none-eabi/10.3.1/../../../../arm-none-eabi/lib/thumb/v7e-m+fp/hard\libc_nano.a(lib_a-memcpy-stub.o)
                              ./Drivers/VL53L0X/core/src/vl53l0x_api_calibration.o (memcpy)
c:/st/stm32cubeide_1.9.0/stm32cubeide/plugins/com.st.stm32cube.ide.mcu.externaltools.gnu-tools-for-stm32.10.3-2021.10.win32_1.0.0.202111181127/tools/bin/../lib/gcc/arm-none-eabi/10.3.1/../../../../arm-none-eabi/lib/thumb/v7e-m+fp/hard\libc_nano.a(lib_a-memset.o)
                              c:/st/stm32cubeide_1.9.0/stm32cubeide/plugins/com.st.stm32cube.ide.mcu.externaltools.gnu-tools-for-stm32.10.3-2021.10.win32_1.0.0.202111181127/tools/bin/../lib/gcc/arm-none-eabi/10.3.1/../../../../arm-none-eabi/lib/thumb/v7e-m+fp/hard/crt0.o (memset)
c:/st/stm32cubeide_1.9.0/stm32cubeide/plugins/com.st.stm32cube.ide.mcu.externaltools.gnu-tools-for-stm32.10.3-2021.10.win32_1.0.0.202111181127/tools/bin/../lib/gcc/arm-none-eabi/10.3.1/../../../../arm-none-eabi/lib/thumb/v7e-m+fp/hard\libc_nano.a(lib_a-nano-vfprintf_float.o)
                              (_printf_float)
c:/st/stm32cubeide_1.9.0/stm32cubeide/plugins/com.st.stm32cube.ide.mcu.externaltools.gnu-tools-for-stm32.10.3-2021.10.win32_1.0.0.202111181127/tools/bin/../lib/gcc/arm-none-eabi/10.3.1/../../../../arm-none-eabi/lib/thumb/v7e-m+fp/hard\libc_nano.a(lib_a-nano-vfprintf_i.o)
                              c:/st/stm32cubeide_1.9.0/stm32cubeide/plugins/com.st.stm32cube.ide.mcu.externaltools.gnu-tools-for-stm32.10.3-2021.10.win32_1.0.0.202111181127/tools/bin/../lib/gcc/arm-none-eabi/10.3.1/../../../../arm-none-eabi/lib/thumb/v7e-m+fp/hard\libc_nano.a(lib_a-nano-vfprintf_float.o) (_printf_common)
c:/st/stm32cubeide_1.9.0/stm32cubeide/plugins/com.st.stm32cube.ide.mcu.externaltools.gnu-tools-for-stm32.10.3-2021.10.win32_1.0.0.202111181127/tools/bin/../lib/gcc/arm-none-eabi/10.3.1/../../../../arm-none-eabi/lib/thumb/v7e-m+fp/hard\libc_nano.a(lib_a-nano-vfscanf_float.o)
                              (_scanf_float)
c:/st/stm32cubeide_1.9.0/stm32cubeide/plugins/com.st.stm32cube.ide.mcu.externaltools.gnu-tools-for-stm32.10.3-2021.10.win32_1.0.0.202111181127/tools/bin/../lib/gcc/arm-none-eabi/10.3.1/../../../../arm-none-eabi/lib/thumb/v7e-m+fp/hard\libc_nano.a(lib_a-sf_nan.o)
                              c:/st/stm32cubeide_1.9.0/stm32cubeide/plugins/com.st.stm32cube.ide.mcu.externaltools.gnu-tools-for-stm32.10.3-2021.10.win32_1.0.0.202111181127/tools/bin/../lib/gcc/arm-none-eabi/10.3.1/../../../../arm-none-eabi/lib/thumb/v7e-m+fp/hard\libc_nano.a(lib_a-nano-vfscanf_float.o) (nanf)
[...]
Memory Configuration

Name             Origin             Length             Attributes
RAM              0x0000000020000000 0x0000000000020000 xrw
FLASH            0x0000000008000000 0x0000000000080000 xr
*default*        0x0000000000000000 0xffffffffffffffff

Linker script and memory map

LOAD c:/st/stm32cubeide_1.9.0/stm32cubeide/plugins/com.st.stm32cube.ide.mcu.externaltools.gnu-tools-for-stm32.10.3-2021.10.win32_1.0.0.202111181127/tools/bin/../lib/gcc/arm-none-eabi/10.3.1/thumb/v7e-m+fp/hard/crti.o
LOAD c:/st/stm32cubeide_1.9.0/stm32cubeide/plugins/com.st.stm32cube.ide.mcu.externaltools.gnu-tools-for-stm32.10.3-2021.10.win32_1.0.0.202111181127/tools/bin/../lib/gcc/arm-none-eabi/10.3.1/thumb/v7e-m+fp/hard/crtbegin.o
LOAD c:/st/stm32cubeide_1.9.0/stm32cubeide/plugins/com.st.stm32cube.ide.mcu.externaltools.gnu-tools-for-stm32.10.3-2021.10.win32_1.0.0.202111181127/tools/bin/../lib/gcc/arm-none-eabi/10.3.1/../../../../arm-none-eabi/lib/thumb/v7e-m+fp/hard/crt0.o
LOAD ./Core/Src/HCSR04.o
LOAD ./Core/Src/Line_Detect.o
LOAD ./Core/Src/MPU6050.o
LOAD ./Core/Src/Motor_Driver.o
LOAD ./Core/Src/Remote_Control.o
LOAD ./Core/Src/USART.o
LOAD ./Core/Src/lidar.o
LOAD ./Core/Src/main.o
LOAD ./Core/Src/stm32f4xx_hal_msp.o
LOAD ./Core/Src/stm32f4xx_it.o
LOAD ./Core/Src/syscalls.o
LOAD ./Core/Src/sysmem.o
LOAD ./Core/Src/system_stm32f4xx.o
LOAD ./Core/Startup/startup_stm32f411ceux.o
LOAD ./Drivers/STM32F4xx_HAL_Driver/Src/stm32f4xx_hal.o
LOAD ./Drivers/STM32F4xx_HAL_Driver/Src/stm32f4xx_hal_adc.o
LOAD ./Drivers/STM32F4xx_HAL_Driver/Src/stm32f4xx_hal_adc_ex.o
LOAD ./Drivers/STM32F4xx_HAL_Driver/Src/stm32f4xx_hal_cortex.o
LOAD ./Drivers/STM32F4xx_HAL_Driver/Src/stm32f4xx_hal_dma.o
LOAD ./Drivers/STM32F4xx_HAL_Driver/Src/stm32f4xx_hal_dma_ex.o
LOAD ./Drivers/STM32F4xx_HAL_Driver/Src/stm32f4xx_hal_exti.o
LOAD ./Drivers/STM32F4xx_HAL_Driver/Src/stm32f4xx_hal_flash.o
LOAD ./Drivers/STM32F4xx_HAL_Driver/Src/stm32f4xx_hal_flash_ex.o
LOAD ./Drivers/STM32F4xx_HAL_Driver/Src/stm32f4xx_hal_flash_ramfunc.o
LOAD ./Drivers/STM32F4xx_HAL_Driver/Src/stm32f4xx_hal_gpio.o
LOAD ./Drivers/STM32F4xx_HAL_Driver/Src/stm32f4xx_hal_i2c.o
LOAD ./Drivers/STM32F4xx_HAL_Driver/Src/stm32f4xx_hal_i2c_ex.o
LOAD ./Drivers/STM32F4xx_HAL_Driver/Src/stm32f4xx_hal_pwr.o
LOAD ./Drivers/STM32F4xx_HAL_Driver/Src/stm32f4xx_hal_pwr_ex.o
LOAD ./Drivers/STM32F4xx_HAL_Driver/Src/stm32f4xx_hal_rcc.o
LOAD ./Drivers/STM32F4xx_HAL_Driver/Src/stm32f4xx_hal_rcc_ex.o
LOAD ./Drivers/STM32F4xx_HAL_Driver/Src/stm32f4xx_hal_tim.o
LOAD ./Drivers/STM32F4xx_HAL_Driver/Src/stm32f4xx_hal_tim_ex.o
LOAD ./Drivers/STM32F4xx_HAL_Driver/Src/stm32f4xx_hal_uart.o
LOAD ./Drivers/STM32F4xx_HAL_Driver/Src/stm32f4xx_ll_adc.o
LOAD ./Drivers/VL53L0X/core/src/vl53l0x_api.o
LOAD ./Drivers/VL53L0X/core/src/vl53l0x_api_calibration.o
LOAD ./Drivers/VL53L0X/core/src/vl53l0x_api_core.o
LOAD ./Drivers/VL53L0X/core/src/vl53l0x_api_ranging.o
LOAD ./Drivers/VL53L0X/core/src/vl53l0x_api_strings.o
LOAD ./Drivers/VL53L0X/platform/src/vl53l0x_i2c_comms.o
LOAD ./Drivers/VL53L0X/platform/src/vl53l0x_platform.o
START GROUP
LOAD c:/st/stm32cubeide_1.9.0/stm32cubeide/plugins/com.st.stm32cube.ide.mcu.externaltools.gnu-tools-for-stm32.10.3-2021.10.win32_1.0.0.202111181127/tools/bin/../lib/gcc/arm-none-eabi/10.3.1/../../../../arm-none-eabi/lib/thumb/v7e-m+fp/hard\libstdc++_nano.a
LOAD c:/st/stm32cubeide_1.9.0/stm32cubeide/plugins/com.st.stm32cube.ide.mcu.externaltools.gnu-tools-for-stm32.10.3-2021.10.win32_1.0.0.202111181127/tools/bin/../lib/gcc/arm-none-eabi/10.3.1/../../../../arm-none-eabi/lib/thumb/v7e-m+fp/hard\libsupc++_nano.a
END GROUP
LOAD c:/st/stm32cubeide_1.9.0/stm32cubeide/plugins/com.st.stm32cube.ide.mcu.externaltools.gnu-tools-for-stm32.10.3-2021.10.win32_1.0.0.202111181127/tools/bin/../lib/gcc/arm-none-eabi/10.3.1/../../../../arm-none-eabi/lib/thumb/v7e-m+fp/hard\libstdc++_nano.a
LOAD c:/st/stm32cubeide_1.9.0/stm32cubeide/plugins/com.st.stm32cube.ide.mcu.externaltools.gnu-tools-for-stm32.10.3-2021.10.win32_1.0.0.202111181127/tools/bin/../lib/gcc/arm-none-eabi/10.3.1/../../../../arm-none-eabi/lib/thumb/v7e-m+fp/hard\libm.a
LOAD c:/st/stm32cubeide_1.9.0/stm32cubeide/plugins/com.st.stm32cube.ide.mcu.externaltools.gnu-tools-for-stm32.10.3-2021.10.win32_1.0.0.202111181127/tools/bin/../lib/gcc/arm-none-eabi/10.3.1/../../../../arm-none-eabi/lib/thumb/v7e-m+fp/hard\libc_nano.a
START GROUP
LOAD c:/st/stm32cubeide_1.9.0/stm32cubeide/plugins/com.st.stm32cube.ide.mcu.externaltools.gnu-tools-for-stm32.10.3-2021.10.win32_1.0.0.202111181127/tools/bin/../lib/gcc/arm-none-eabi/10.3.1/thumb/v7e-m+fp/hard\libgcc.a
LOAD c:/st/stm32cubeide_1.9.0/stm32cubeide/plugins/com.st.stm32cube.ide.mcu.externaltools.gnu-tools-for-stm32.10.3-2021.10.win32_1.0.0.202111181127/tools/bin/../lib/gcc/arm-none-eabi/10.3.1/../../../../arm-none-eabi/lib/thumb/v7e-m+fp/hard\libc_nano.a
END GROUP
START GROUP
LOAD c:/st/stm32cubeide_1.9.0/stm32cubeide/plugins/com.st.stm32cube.ide.mcu.externaltools.gnu-tools-for-stm32.10.3-2021.10.win32_1.0.0.202111181127/tools/bin/../lib/gcc/arm-none-eabi/10.3.1/thumb/v7e-m+fp/hard\libgcc.a
LOAD c:/st/stm32cubeide_1.9.0/stm32cubeide/plugins/com.st.stm32cube.ide.mcu.externaltools.gnu-tools-for-stm32.10.3-2021.10.win32_1.0.0.202111181127/tools/bin/../lib/gcc/arm-none-eabi/10.3.1/../../../../arm-none-eabi/lib/thumb/v7e-m+fp/hard\libc_nano.a
END GROUP
LOAD c:/st/stm32cubeide_1.9.0/stm32cubeide/plugins/com.st.stm32cube.ide.mcu.externaltools.gnu-tools-for-stm32.10.3-2021.10.win32_1.0.0.202111181127/tools/bin/../lib/gcc/arm-none-eabi/10.3.1/thumb/v7e-m+fp/hard/crtend.o
LOAD c:/st/stm32cubeide_1.9.0/stm32cubeide/plugins/com.st.stm32cube.ide.mcu.externaltools.gnu-tools-for-stm32.10.3-2021.10.win32_1.0.0.202111181127/tools/bin/../lib/gcc/arm-none-eabi/10.3.1/thumb/v7e-m+fp/hard/crtn.o
                0x0000000020020000                _estack = (ORIGIN (RAM) + LENGTH (RAM))
                0x0000000000000200                _Min_Heap_Size = 0x200
                0x0000000000000400                _Min_Stack_Size = 0x400

.isr_vector     0x0000000008000000      0x198
                0x0000000008000000                . = ALIGN (0x4)
 *(.isr_vector)
 .isr_vector    0x0000000008000000      0x198 ./Core/Startup/startup_stm32f411ceux.o
                0x0000000008000000                g_pfnVectors
                0x0000000008000198                . = ALIGN (0x4)

.text           0x00000000080001a0    0x11868
                0x00000000080001a0                . = ALIGN (0x4)
 *(.text)
 .text          0x00000000080001a0       0x40 c:/st/stm32cubeide_1.9.0/stm32cubeide/plugins/com.st.stm32cube.ide.mcu.externaltools.gnu-tools-for-stm32.10.3-2021.10.win32_1.0.0.202111181127/tools/bin/../lib/gcc/arm-none-eabi/10.3.1/thumb/v7e-m+fp/hard/crtbegin.o
 .text          0x00000000080001e0       0x10 c:/st/stm32cubeide_1.9.0/stm32cubeide/plugins/com.st.stm32cube.ide.mcu.externaltools.gnu-tools-for-stm32.10.3-2021.10.win32_1.0.0.202111181127/tools/bin/../lib/gcc/arm-none-eabi/10.3.1/../../../../arm-none-eabi/lib/thumb/v7e-m+fp/hard\libc_nano.a(lib_a-strlen.o)
                0x00000000080001e0                strlen
 .text          0x00000000080001f0       0xa0 c:/st/stm32cubeide_1.9.0/stm32cubeide/plugins/com.st.stm32cube.ide.mcu.externaltools.gnu-tools-for-stm32.10.3-2021.10.win32_1.0.0.202111181127/tools/bin/../lib/gcc/arm-none-eabi/10.3.1/../../../../arm-none-eabi/lib/thumb/v7e-m+fp/hard\libc_nano.a(lib_a-memchr.o)
                0x00000000080001f0                memchr
 .text          0x0000000008000290      0x378 c:/st/stm32cubeide_1.9.0/stm32cubeide/plugins/com.st.stm32cube.ide.mcu.externaltools.gnu-tools-for-stm32.10.3-2021.10.win32_1.0.0.202111181127/tools/bin/../lib/gcc/arm-none-eabi/10.3.1/thumb/v7e-m+fp/hard\libgcc.a(_arm_addsubdf3.o)
                0x0000000008000290                __aeabi_drsub
                0x0000000008000298                __aeabi_dsub
                0x0000000008000298                __subdf3
                0x000000000800029c                __aeabi_dadd
                0x000000000800029c                __adddf3
                0x0000000008000514                __floatunsidf
                0x0000000008000514                __aeabi_ui2d
                0x0000000008000534                __floatsidf
                0x0000000008000534                __aeabi_i2d
                0x0000000008000558                __aeabi_f2d
                0x0000000008000558                __extendsfdf2
                0x000000000800059c                __floatundidf
                0x000000000800059c                __aeabi_ul2d
                0x00000000080005ac                __floatdidf
                0x00000000080005ac                __aeabi_l2d
 .text          0x0000000008000608      0x424 c:/st/stm32cubeide_1.9.0/stm32cubeide/plugins/com.st.stm32cube.ide.mcu.externaltools.gnu-tools-for-stm32.10.3-2021.10.win32_1.0.0.202111181127/tools/bin/../lib/gcc/arm-none-eabi/10.3.1/thumb/v7e-m+fp/hard\libgcc.a(_arm_muldivdf3.o)
                0x0000000008000608                __aeabi_dmul
                0x0000000008000608                __muldf3
                0x000000000800085c                __divdf3
                0x000000000800085c                __aeabi_ddiv
 .text          0x0000000008000a2c      0x110 c:/st/stm32cubeide_1.9.0/stm32cubeide/plugins/com.st.stm32cube.ide.mcu.externaltools.gnu-tools-for-stm32.10.3-2021.10.win32_1.0.0.202111181127/tools/bin/../lib/gcc/arm-none-eabi/10.3.1/thumb/v7e-m+fp/hard\libgcc.a(_arm_cmpdf2.o)
                0x0000000008000a2c                __gtdf2
                0x0000000008000a2c                __gedf2
                0x0000000008000a34                __ltdf2
                0x0000000008000a34                __ledf2
                0x0000000008000a3c                __nedf2
                0x0000000008000a3c                __eqdf2
                0x0000000008000a3c                __cmpdf2
                0x0000000008000ab8                __aeabi_cdrcmple
                0x0000000008000ac8                __aeabi_cdcmpeq
                0x0000000008000ac8                __aeabi_cdcmple
                0x0000000008000ad8                __aeabi_dcmpeq
                0x0000000008000aec                __aeabi_dcmplt
                0x0000000008000b00                __aeabi_dcmple
                0x0000000008000b14                __aeabi_dcmpge
                0x0000000008000b28                __aeabi_dcmpgt
 .text          0x0000000008000b3c       0x2c c:/st/stm32cubeide_1.9.0/stm32cubeide/plugins/com.st.stm32cube.ide.mcu.externaltools.gnu-tools-for-stm32.10.3-2021.10.win32_1.0.0.202111181127/tools/bin/../lib/gcc/arm-none-eabi/10.3.1/thumb/v7e-m+fp/hard\libgcc.a(_arm_unorddf2.o)
                0x0000000008000b3c                __unorddf2
                0x0000000008000b3c                __aeabi_dcmpun
 .text          0x0000000008000b68       0x50 c:/st/stm32cubeide_1.9.0/stm32cubeide/plugins/com.st.stm32cube.ide.mcu.externaltools.gnu-tools-for-stm32.10.3-2021.10.win32_1.0.0.202111181127/tools/bin/../lib/gcc/arm-none-eabi/10.3.1/thumb/v7e-m+fp/hard\libgcc.a(_arm_fixdfsi.o)
                0x0000000008000b68                __aeabi_d2iz
                0x0000000008000b68                __fixdfsi
 .text          0x0000000008000bb8       0x40 c:/st/stm32cubeide_1.9.0/stm32cubeide/plugins/com.st.stm32cube.ide.mcu.externaltools.gnu-tools-for-stm32.10.3-2021.10.win32_1.0.0.202111181127/tools/bin/../lib/gcc/arm-none-eabi/10.3.1/thumb/v7e-m+fp/hard\libgcc.a(_arm_fixunsdfsi.o)
                0x0000000008000bb8                __aeabi_d2uiz
                0x0000000008000bb8                __fixunsdfsi
 .text          0x0000000008000bf8       0xa0 c:/st/stm32cubeide_1.9.0/stm32cubeide/plugins/com.st.stm32cube.ide.mcu.externaltools.gnu-tools-for-stm32.10.3-2021.10.win32_1.0.0.202111181127/tools/bin/../lib/gcc/arm-none-eabi/10.3.1/thumb/v7e-m+fp/hard\libgcc.a(_arm_truncdfsf2.o)
                0x0000000008000bf8                __truncdfsf2
                0x0000000008000bf8                __aeabi_d2f
 .text          0x0000000008000c98       0x30 c:/st/stm32cubeide_1.9.0/stm32cubeide/plugins/com.st.stm32cube.ide.mcu.externaltools.gnu-tools-for-stm32.10.3-2021.10.win32_1.0.0.202111181127/tools/bin/../lib/gcc/arm-none-eabi/10.3.1/thumb/v7e-m+fp/hard\libgcc.a(_aeabi_uldivmod.o)
                0x0000000008000c98                __aeabi_uldivmod
 .text          0x0000000008000cc8       0x30 c:/st/stm32cubeide_1.9.0/stm32cubeide/plugins/com.st.stm32cube.ide.mcu.externaltools.gnu-tools-for-stm32.10.3-2021.10.win32_1.0.0.202111181127/tools/bin/../lib/gcc/arm-none-eabi/10.3.1/thumb/v7e-m+fp/hard\libgcc.a(_fixdfdi.o)
                0x0000000008000cc8                __fixdfdi
                0x0000000008000cc8                __aeabi_d2lz
 .text          0x0000000008000cf8       0x3c c:/st/stm32cubeide_1.9.0/stm32cubeide/plugins/com.st.stm32cube.ide.mcu.externaltools.gnu-tools-for-stm32.10.3-2021.10.win32_1.0.0.202111181127/tools/bin/../lib/gcc/arm-none-eabi/10.3.1/thumb/v7e-m+fp/hard\libgcc.a(_fixunsdfdi.o)
                0x0000000008000cf8                __fixunsdfdi
                0x0000000008000cf8                __aeabi_d2ulz
 .text          0x0000000008000d34      0x2d0 c:/st/stm32cubeide_1.9.0/stm32cubeide/plugins/com.st.stm32cube.ide.mcu.externaltools.gnu-tools-for-stm32.10.3-2021.10.win32_1.0.0.202111181127/tools/bin/../lib/gcc/arm-none-eabi/10.3.1/thumb/v7e-m+fp/hard\libgcc.a(_udivmoddi4.o)
                0x0000000008000d34                __udivmoddi4
 .text          0x0000000008001004        0x4 c:/st/stm32cubeide_1.9.0/stm32cubeide/plugins/com.st.stm32cube.ide.mcu.externaltools.gnu-tools-for-stm32.10.3-2021.10.win32_1.0.0.202111181127/tools/bin/../lib/gcc/arm-none-eabi/10.3.1/thumb/v7e-m+fp/hard\libgcc.a(_dvmd_tls.o)
                0x0000000008001004                __aeabi_idiv0
                0x0000000008001004                __aeabi_ldiv0
 *(.text*)
 .text.HCSR04_DistCalc
                0x0000000008001008       0x8c ./Core/Src/HCSR04.o
                0x0000000008001008                HCSR04_DistCalc
 .text.LineDetect
                0x0000000008001094       0x1a ./Core/Src/Line_Detect.o
                0x0000000008001094                LineDetect
 .text.MPU6050_Init
                0x00000000080010ae       0xbc ./Core/Src/MPU6050.o
                0x00000000080010ae                MPU6050_Init
 .text.enable   0x000000000800116a       0x20 ./Core/Src/Motor_Driver.o
                0x000000000800116a                enable
 .text.disable  0x000000000800118a       0x20 ./Core/Src/Motor_Driver.o
                0x000000000800118a                disable
 .text.set_level
                0x00000000080011aa      0x146 ./Core/Src/Motor_Driver.o
                0x00000000080011aa                set_level
 .text.getWidth
                0x00000000080012f0       0x78 ./Core/Src/Remote_Control.o
                0x00000000080012f0                getWidth
 .text.UART_Print_String
                0x0000000008001368       0x38 ./Core/Src/USART.o
                0x0000000008001368                UART_Print_String
 .text.UART_Print_Val
                0x00000000080013a0       0x3c ./Core/Src/USART.o
                0x00000000080013a0                UART_Print_Val
 .text.check_ref_reg
                0x00000000080013dc       0xb8 ./Core/Src/lidar.o
                0x00000000080013dc                check_ref_reg
 .text.init_lidar
                0x0000000008001494       0x36 ./Core/Src/lidar.o
                0x0000000008001494                init_lidar
 .text.setup_lidar_continuous
                0x00000000080014ca       0xc6 ./Core/Src/lidar.o
                0x00000000080014ca                setup_lidar_continuous
 .text.delay_us
                0x0000000008001590       0x34 ./Core/Src/main.o
                0x0000000008001590                delay_us
 .text.main     0x00000000080015c4      0x7ec ./Core/Src/main.o
                0x00000000080015c4                main
 .text.SystemClock_Config
                0x0000000008001db0       0xd0 ./Core/Src/main.o
                0x0000000008001db0                SystemClock_Config
 .text.MX_ADC1_Init
                0x0000000008001e80       0xa4 ./Core/Src/main.o
 .text.MX_I2C1_Init
                0x0000000008001f24       0x5c ./Core/Src/main.o
 .text.MX_TIM1_Init
                0x0000000008001f80       0xa0 ./Core/Src/main.o
 .text.MX_TIM2_Init
                0x0000000008002020       0xf4 ./Core/Src/main.o
 .text.MX_TIM3_Init
                0x0000000008002114       0xf4 ./Core/Src/main.o
 .text.MX_TIM4_Init
                0x0000000008002208       0xf8 ./Core/Src/main.o
 .text.MX_USART1_UART_Init
                0x0000000008002300       0x54 ./Core/Src/main.o
 .text.MX_GPIO_Init
                0x0000000008002354      0x194 ./Core/Src/main.o
 .text.HAL_TIM_IC_CaptureCallback
                0x00000000080024e8       0xa8 ./Core/Src/main.o
                0x00000000080024e8                HAL_TIM_IC_CaptureCallback
 .text.HAL_GPIO_EXTI_Callback
                0x0000000008002590       0x44 ./Core/Src/main.o
                0x0000000008002590                HAL_GPIO_EXTI_Callback
 .text.Error_Handler
                0x00000000080025d4        0xa ./Core/Src/main.o
                0x00000000080025d4                Error_Handler
 *fill*         0x00000000080025de        0x2 
 .text.HAL_MspInit
                0x00000000080025e0       0x50 ./Core/Src/stm32f4xx_hal_msp.o
                0x00000000080025e0                HAL_MspInit
 .text.HAL_ADC_MspInit
                0x0000000008002630       0x88 ./Core/Src/stm32f4xx_hal_msp.o
                0x0000000008002630                HAL_ADC_MspInit
 .text.HAL_I2C_MspInit
                0x00000000080026b8       0x90 ./Core/Src/stm32f4xx_hal_msp.o
                0x00000000080026b8                HAL_I2C_MspInit
 .text.HAL_TIM_Base_MspInit
                0x0000000008002748       0xcc ./Core/Src/stm32f4xx_hal_msp.o
                0x0000000008002748                HAL_TIM_Base_MspInit
 .text.HAL_TIM_PWM_MspInit
                0x0000000008002814       0x6c ./Core/Src/stm32f4xx_hal_msp.o
                0x0000000008002814                HAL_TIM_PWM_MspInit
 .text.HAL_TIM_MspPostInit
                0x0000000008002880       0xc0 ./Core/Src/stm32f4xx_hal_msp.o
                0x0000000008002880                HAL_TIM_MspPostInit
 .text.HAL_UART_MspInit
                0x0000000008002940       0xa0 ./Core/Src/stm32f4xx_hal_msp.o
                0x0000000008002940                HAL_UART_MspInit
 .text.NMI_Handler
                0x00000000080029e0        0x6 ./Core/Src/stm32f4xx_it.o
                0x00000000080029e0                NMI_Handler
 .text.HardFault_Handler
                0x00000000080029e6        0x6 ./Core/Src/stm32f4xx_it.o
                0x00000000080029e6                HardFault_Handler
 .text.MemManage_Handler
                0x00000000080029ec        0x6 ./Core/Src/stm32f4xx_it.o
                0x00000000080029ec                MemManage_Handler
 .text.BusFault_Handler
                0x00000000080029f2        0x6 ./Core/Src/stm32f4xx_it.o
                0x00000000080029f2                BusFault_Handler
 .text.UsageFault_Handler
                0x00000000080029f8        0x6 ./Core/Src/stm32f4xx_it.o
                0x00000000080029f8                UsageFault_Handler
 .text.SVC_Handler
                0x00000000080029fe        0xe ./Core/Src/stm32f4xx_it.o
                0x00000000080029fe                SVC_Handler
 .text.DebugMon_Handler
                0x0000000008002a0c        0xe ./Core/Src/stm32f4xx_it.o
                0x0000000008002a0c                DebugMon_Handler
 .text.PendSV_Handler
                0x0000000008002a1a        0xe ./Core/Src/stm32f4xx_it.o
                0x0000000008002a1a                PendSV_Handler
 .text.SysTick_Handler
                0x0000000008002a28        0xc ./Core/Src/stm32f4xx_it.o
                0x0000000008002a28                SysTick_Handler
 .text.TIM4_IRQHandler
                0x0000000008002a34       0x14 ./Core/Src/stm32f4xx_it.o
                0x0000000008002a34                TIM4_IRQHandler
 .text.USART1_IRQHandler
                0x0000000008002a48       0x14 ./Core/Src/stm32f4xx_it.o
                0x0000000008002a48                USART1_IRQHandler
 .text.EXTI15_10_IRQHandler
                0x0000000008002a5c       0x10 ./Core/Src/stm32f4xx_it.o
                0x0000000008002a5c                EXTI15_10_IRQHandler
 .text._getpid  0x0000000008002a6c       0x10 ./Core/Src/syscalls.o
                0x0000000008002a6c                _getpid
 .text._kill    0x0000000008002a7c       0x20 ./Core/Src/syscalls.o
                0x0000000008002a7c                _kill
 .text._exit    0x0000000008002a9c       0x14 ./Core/Src/syscalls.o
                0x0000000008002a9c                _exit
 .text._read    0x0000000008002ab0       0x3a ./Core/Src/syscalls.o
                0x0000000008002ab0                _read
 .text._write   0x0000000008002aea       0x38 ./Core/Src/syscalls.o
                0x0000000008002aea                _write
 .text._close   0x0000000008002b22       0x18 ./Core/Src/syscalls.o
                0x0000000008002b22                _close
 .text._fstat   0x0000000008002b3a       0x20 ./Core/Src/syscalls.o
                0x0000000008002b3a                _fstat
 .text._isatty  0x0000000008002b5a       0x16 ./Core/Src/syscalls.o
                0x0000000008002b5a                _isatty
 .text._lseek   0x0000000008002b70       0x1a ./Core/Src/syscalls.o
                0x0000000008002b70                _lseek
 *fill*         0x0000000008002b8a        0x2 
 .text._sbrk    0x0000000008002b8c       0x6c ./Core/Src/sysmem.o
                0x0000000008002b8c                _sbrk
 .text.SystemInit
                0x0000000008002bf8       0x24 ./Core/Src/system_stm32f4xx.o
                0x0000000008002bf8                SystemInit
 .text.Reset_Handler
                0x0000000008002c1c       0x50 ./Core/Startup/startup_stm32f411ceux.o
                0x0000000008002c1c                Reset_Handler
 .text.Default_Handler
                0x0000000008002c6c        0x2 ./Core/Startup/startup_stm32f411ceux.o
                0x0000000008002c6c                RTC_Alarm_IRQHandler
                0x0000000008002c6c                EXTI2_IRQHandler
                0x0000000008002c6c                SPI4_IRQHandler
                0x0000000008002c6c                TIM1_CC_IRQHandler
                0x0000000008002c6c                DMA2_Stream5_IRQHandler
                0x0000000008002c6c                DMA1_Stream5_IRQHandler
                0x0000000008002c6c                PVD_IRQHandler
                0x0000000008002c6c                SDIO_IRQHandler
                0x0000000008002c6c                TAMP_STAMP_IRQHandler
                0x0000000008002c6c                EXTI3_IRQHandler
                0x0000000008002c6c                TIM1_UP_TIM10_IRQHandler
                0x0000000008002c6c                I2C3_ER_IRQHandler
                0x0000000008002c6c                EXTI0_IRQHandler
                0x0000000008002c6c                I2C2_EV_IRQHandler
                0x0000000008002c6c                DMA1_Stream2_IRQHandler
                0x0000000008002c6c                FPU_IRQHandler
                0x0000000008002c6c                DMA2_Stream2_IRQHandler
                0x0000000008002c6c                SPI1_IRQHandler
                0x0000000008002c6c                TIM1_BRK_TIM9_IRQHandler
                0x0000000008002c6c                DMA2_Stream3_IRQHandler
                0x0000000008002c6c                USART6_IRQHandler
                0x0000000008002c6c                DMA2_Stream0_IRQHandler
                0x0000000008002c6c                I2C1_EV_IRQHandler
                0x0000000008002c6c                DMA1_Stream6_IRQHandler
                0x0000000008002c6c                DMA1_Stream1_IRQHandler
                0x0000000008002c6c                TIM3_IRQHandler
                0x0000000008002c6c                RCC_IRQHandler
                0x0000000008002c6c                Default_Handler
                0x0000000008002c6c                ADC_IRQHandler
                0x0000000008002c6c                DMA1_Stream7_IRQHandler
                0x0000000008002c6c                SPI5_IRQHandler
                0x0000000008002c6c                TIM5_IRQHandler
                0x0000000008002c6c                DMA2_Stream7_IRQHandler
                0x0000000008002c6c                I2C3_EV_IRQHandler
                0x0000000008002c6c                EXTI9_5_IRQHandler
                0x0000000008002c6c                RTC_WKUP_IRQHandler
                0x0000000008002c6c                SPI2_IRQHandler
                0x0000000008002c6c                DMA1_Stream0_IRQHandler
                0x0000000008002c6c                EXTI4_IRQHandler
                0x0000000008002c6c                WWDG_IRQHandler
                0x0000000008002c6c                TIM2_IRQHandler
                0x0000000008002c6c                OTG_FS_WKUP_IRQHandler
                0x0000000008002c6c                TIM1_TRG_COM_TIM11_IRQHandler
                0x0000000008002c6c                EXTI1_IRQHandler
                0x0000000008002c6c                USART2_IRQHandler
                0x0000000008002c6c                I2C2_ER_IRQHandler
                0x0000000008002c6c                DMA2_Stream1_IRQHandler
                0x0000000008002c6c                FLASH_IRQHandler
                0x0000000008002c6c                DMA2_Stream4_IRQHandler
                0x0000000008002c6c                OTG_FS_IRQHandler
                0x0000000008002c6c                SPI3_IRQHandler
                0x0000000008002c6c                DMA1_Stream4_IRQHandler
                0x0000000008002c6c                I2C1_ER_IRQHandler
                0x0000000008002c6c                DMA2_Stream6_IRQHandler
                0x0000000008002c6c                DMA1_Stream3_IRQHandler
 *fill*         0x0000000008002c6e        0x2 
 .text.HAL_Init
                0x0000000008002c70       0x44 ./Drivers/STM32F4xx_HAL_Driver/Src/stm32f4xx_hal.o
                0x0000000008002c70                HAL_Init
 .text.HAL_InitTick
                0x0000000008002cb4       0x60 ./Drivers/STM32F4xx_HAL_Driver/Src/stm32f4xx_hal.o
                0x0000000008002cb4                HAL_InitTick
 .text.HAL_IncTick
                0x0000000008002d14       0x28 ./Drivers/STM32F4xx_HAL_Driver/Src/stm32f4xx_hal.o
                0x0000000008002d14                HAL_IncTick
 .text.HAL_GetTick
                0x0000000008002d3c       0x18 ./Drivers/STM32F4xx_HAL_Driver/Src/stm32f4xx_hal.o
                0x0000000008002d3c                HAL_GetTick
 .text.HAL_Delay
                0x0000000008002d54       0x48 ./Drivers/STM32F4xx_HAL_Driver/Src/stm32f4xx_hal.o
                0x0000000008002d54                HAL_Delay
 .text.HAL_ADC_Init
                0x0000000008002d9c       0x86 ./Drivers/STM32F4xx_HAL_Driver/Src/stm32f4xx_hal_adc.o
                0x0000000008002d9c                HAL_ADC_Init
 *fill*         0x0000000008002e22        0x2 
 .text.HAL_ADC_Start
                0x0000000008002e24      0x168 ./Drivers/STM32F4xx_HAL_Driver/Src/stm32f4xx_hal_adc.o
                0x0000000008002e24                HAL_ADC_Start
 .text.HAL_ADC_Stop
                0x0000000008002f8c       0x66 ./Drivers/STM32F4xx_HAL_Driver/Src/stm32f4xx_hal_adc.o
                0x0000000008002f8c                HAL_ADC_Stop
 .text.HAL_ADC_PollForConversion
                0x0000000008002ff2      0x116 ./Drivers/STM32F4xx_HAL_Driver/Src/stm32f4xx_hal_adc.o
                0x0000000008002ff2                HAL_ADC_PollForConversion
 .text.HAL_ADC_GetValue
                0x0000000008003108       0x1a ./Drivers/STM32F4xx_HAL_Driver/Src/stm32f4xx_hal_adc.o
                0x0000000008003108                HAL_ADC_GetValue
 *fill*         0x0000000008003122        0x2 
 .text.HAL_ADC_ConfigChannel
                0x0000000008003124      0x264 ./Drivers/STM32F4xx_HAL_Driver/Src/stm32f4xx_hal_adc.o
                0x0000000008003124                HAL_ADC_ConfigChannel
 .text.ADC_Init
                0x0000000008003388      0x1f8 ./Drivers/STM32F4xx_HAL_Driver/Src/stm32f4xx_hal_adc.o
 .text.__NVIC_SetPriorityGrouping
                0x0000000008003580       0x48 ./Drivers/STM32F4xx_HAL_Driver/Src/stm32f4xx_hal_cortex.o
 .text.__NVIC_GetPriorityGrouping
                0x00000000080035c8       0x1c ./Drivers/STM32F4xx_HAL_Driver/Src/stm32f4xx_hal_cortex.o
 .text.__NVIC_EnableIRQ
                0x00000000080035e4       0x3c ./Drivers/STM32F4xx_HAL_Driver/Src/stm32f4xx_hal_cortex.o
 .text.__NVIC_SetPriority
                0x0000000008003620       0x54 ./Drivers/STM32F4xx_HAL_Driver/Src/stm32f4xx_hal_cortex.o
 .text.NVIC_EncodePriority
                0x0000000008003674       0x66 ./Drivers/STM32F4xx_HAL_Driver/Src/stm32f4xx_hal_cortex.o
 *fill*         0x00000000080036da        0x2 
 .text.SysTick_Config
                0x00000000080036dc       0x44 ./Drivers/STM32F4xx_HAL_Driver/Src/stm32f4xx_hal_cortex.o
 .text.HAL_NVIC_SetPriorityGrouping
                0x0000000008003720       0x16 ./Drivers/STM32F4xx_HAL_Driver/Src/stm32f4xx_hal_cortex.o
                0x0000000008003720                HAL_NVIC_SetPriorityGrouping
 .text.HAL_NVIC_SetPriority
                0x0000000008003736       0x38 ./Drivers/STM32F4xx_HAL_Driver/Src/stm32f4xx_hal_cortex.o
                0x0000000008003736                HAL_NVIC_SetPriority
 .text.HAL_NVIC_EnableIRQ
                0x000000000800376e       0x1c ./Drivers/STM32F4xx_HAL_Driver/Src/stm32f4xx_hal_cortex.o
                0x000000000800376e                HAL_NVIC_EnableIRQ
 .text.HAL_SYSTICK_Config
                0x000000000800378a       0x18 ./Drivers/STM32F4xx_HAL_Driver/Src/stm32f4xx_hal_cortex.o
                0x000000000800378a                HAL_SYSTICK_Config
 .text.HAL_DMA_Abort
                0x00000000080037a2       0xe0 ./Drivers/STM32F4xx_HAL_Driver/Src/stm32f4xx_hal_dma.o
                0x00000000080037a2                HAL_DMA_Abort
 .text.HAL_DMA_Abort_IT
                0x0000000008003882       0x44 ./Drivers/STM32F4xx_HAL_Driver/Src/stm32f4xx_hal_dma.o
                0x0000000008003882                HAL_DMA_Abort_IT
 *fill*         0x00000000080038c6        0x2 
 .text.HAL_GPIO_Init
                0x00000000080038c8      0x308 ./Drivers/STM32F4xx_HAL_Driver/Src/stm32f4xx_hal_gpio.o
                0x00000000080038c8                HAL_GPIO_Init
 .text.HAL_GPIO_WritePin
                0x0000000008003bd0       0x32 ./Drivers/STM32F4xx_HAL_Driver/Src/stm32f4xx_hal_gpio.o
                0x0000000008003bd0                HAL_GPIO_WritePin
 *fill*         0x0000000008003c02        0x2 
 .text.HAL_GPIO_EXTI_IRQHandler
                0x0000000008003c04       0x30 ./Drivers/STM32F4xx_HAL_Driver/Src/stm32f4xx_hal_gpio.o
                0x0000000008003c04                HAL_GPIO_EXTI_IRQHandler
 .text.HAL_I2C_Init
                0x0000000008003c34      0x288 ./Drivers/STM32F4xx_HAL_Driver/Src/stm32f4xx_hal_i2c.o
                0x0000000008003c34                HAL_I2C_Init
 .text.HAL_I2C_Master_Transmit
                0x0000000008003ebc      0x1fc ./Drivers/STM32F4xx_HAL_Driver/Src/stm32f4xx_hal_i2c.o
                0x0000000008003ebc                HAL_I2C_Master_Transmit
 .text.HAL_I2C_Master_Receive
                0x00000000080040b8      0x44c ./Drivers/STM32F4xx_HAL_Driver/Src/stm32f4xx_hal_i2c.o
                0x00000000080040b8                HAL_I2C_Master_Receive
 .text.HAL_I2C_Mem_Write
                0x0000000008004504      0x1f4 ./Drivers/STM32F4xx_HAL_Driver/Src/stm32f4xx_hal_i2c.o
                0x0000000008004504                HAL_I2C_Mem_Write
 .text.HAL_I2C_Mem_Read
                0x00000000080046f8      0x44c ./Drivers/STM32F4xx_HAL_Driver/Src/stm32f4xx_hal_i2c.o
                0x00000000080046f8                HAL_I2C_Mem_Read
 .text.I2C_MasterRequestWrite
                0x0000000008004b44      0x104 ./Drivers/STM32F4xx_HAL_Driver/Src/stm32f4xx_hal_i2c.o
 .text.I2C_MasterRequestRead
                0x0000000008004c48      0x19c ./Drivers/STM32F4xx_HAL_Driver/Src/stm32f4xx_hal_i2c.o
 .text.I2C_RequestMemoryWrite
                0x0000000008004de4      0x12c ./Drivers/STM32F4xx_HAL_Driver/Src/stm32f4xx_hal_i2c.o
 .text.I2C_RequestMemoryRead
                0x0000000008004f10      0x1d0 ./Drivers/STM32F4xx_HAL_Driver/Src/stm32f4xx_hal_i2c.o
 .text.I2C_WaitOnFlagUntilTimeout
                0x00000000080050e0       0xae ./Drivers/STM32F4xx_HAL_Driver/Src/stm32f4xx_hal_i2c.o
 .text.I2C_WaitOnMasterAddressFlagUntilTimeout
                0x000000000800518e       0xfe ./Drivers/STM32F4xx_HAL_Driver/Src/stm32f4xx_hal_i2c.o
 .text.I2C_WaitOnTXEFlagUntilTimeout
                0x000000000800528c       0x82 ./Drivers/STM32F4xx_HAL_Driver/Src/stm32f4xx_hal_i2c.o
 .text.I2C_WaitOnBTFFlagUntilTimeout
                0x000000000800530e       0x82 ./Drivers/STM32F4xx_HAL_Driver/Src/stm32f4xx_hal_i2c.o
 .text.I2C_WaitOnRXNEFlagUntilTimeout
                0x0000000008005390       0xac ./Drivers/STM32F4xx_HAL_Driver/Src/stm32f4xx_hal_i2c.o
 .text.I2C_IsAcknowledgeFailed
                0x000000000800543c       0x5e ./Drivers/STM32F4xx_HAL_Driver/Src/stm32f4xx_hal_i2c.o
 *fill*         0x000000000800549a        0x2 
 .text.HAL_RCC_OscConfig
                0x000000000800549c      0x4f0 ./Drivers/STM32F4xx_HAL_Driver/Src/stm32f4xx_hal_rcc.o
                0x000000000800549c                HAL_RCC_OscConfig
 .text.HAL_RCC_ClockConfig
                0x000000000800598c      0x1cc ./Drivers/STM32F4xx_HAL_Driver/Src/stm32f4xx_hal_rcc.o
                0x000000000800598c                HAL_RCC_ClockConfig
 .text.HAL_RCC_GetSysClockFreq
                0x0000000008005b58      0x18c ./Drivers/STM32F4xx_HAL_Driver/Src/stm32f4xx_hal_rcc.o
                0x0000000008005b58                HAL_RCC_GetSysClockFreq
 .text.HAL_RCC_GetHCLKFreq
                0x0000000008005ce4       0x18 ./Drivers/STM32F4xx_HAL_Driver/Src/stm32f4xx_hal_rcc.o
                0x0000000008005ce4                HAL_RCC_GetHCLKFreq
 .text.HAL_RCC_GetPCLK1Freq
                0x0000000008005cfc       0x28 ./Drivers/STM32F4xx_HAL_Driver/Src/stm32f4xx_hal_rcc.o
                0x0000000008005cfc                HAL_RCC_GetPCLK1Freq
 .text.HAL_RCC_GetPCLK2Freq
                0x0000000008005d24       0x28 ./Drivers/STM32F4xx_HAL_Driver/Src/stm32f4xx_hal_rcc.o
                0x0000000008005d24                HAL_RCC_GetPCLK2Freq
 .text.HAL_TIM_Base_Init
                0x0000000008005d4c       0x9e ./Drivers/STM32F4xx_HAL_Driver/Src/stm32f4xx_hal_tim.o
                0x0000000008005d4c                HAL_TIM_Base_Init
 *fill*         0x0000000008005dea        0x2 
 .text.HAL_TIM_Base_Start
                0x0000000008005dec       0xb4 ./Drivers/STM32F4xx_HAL_Driver/Src/stm32f4xx_hal_tim.o
                0x0000000008005dec                HAL_TIM_Base_Start
 .text.HAL_TIM_PWM_Init
                0x0000000008005ea0       0x9e ./Drivers/STM32F4xx_HAL_Driver/Src/stm32f4xx_hal_tim.o
                0x0000000008005ea0                HAL_TIM_PWM_Init
 *fill*         0x0000000008005f3e        0x2 
 .text.HAL_TIM_PWM_Start
                0x0000000008005f40      0x160 ./Drivers/STM32F4xx_HAL_Driver/Src/stm32f4xx_hal_tim.o
                0x0000000008005f40                HAL_TIM_PWM_Start
 .text.HAL_TIM_IC_Init
                0x00000000080060a0       0x9e ./Drivers/STM32F4xx_HAL_Driver/Src/stm32f4xx_hal_tim.o
                0x00000000080060a0                HAL_TIM_IC_Init
 .text.HAL_TIM_IC_MspInit
                0x000000000800613e       0x14 ./Drivers/STM32F4xx_HAL_Driver/Src/stm32f4xx_hal_tim.o
                0x000000000800613e                HAL_TIM_IC_MspInit
 *fill*         0x0000000008006152        0x2 
 .text.HAL_TIM_IC_Start_IT
                0x0000000008006154      0x234 ./Drivers/STM32F4xx_HAL_Driver/Src/stm32f4xx_hal_tim.o
                0x0000000008006154                HAL_TIM_IC_Start_IT
 .text.HAL_TIM_IRQHandler
                0x0000000008006388      0x210 ./Drivers/STM32F4xx_HAL_Driver/Src/stm32f4xx_hal_tim.o
                0x0000000008006388                HAL_TIM_IRQHandler
 .text.HAL_TIM_IC_ConfigChannel
                0x0000000008006598      0x138 ./Drivers/STM32F4xx_HAL_Driver/Src/stm32f4xx_hal_tim.o
                0x0000000008006598                HAL_TIM_IC_ConfigChannel
 .text.HAL_TIM_PWM_ConfigChannel
                0x00000000080066d0      0x184 ./Drivers/STM32F4xx_HAL_Driver/Src/stm32f4xx_hal_tim.o
                0x00000000080066d0                HAL_TIM_PWM_ConfigChannel
 .text.HAL_TIM_ConfigClockSource
                0x0000000008006854      0x18e ./Drivers/STM32F4xx_HAL_Driver/Src/stm32f4xx_hal_tim.o
                0x0000000008006854                HAL_TIM_ConfigClockSource
 *fill*         0x00000000080069e2        0x2 
 .text.HAL_TIM_ReadCapturedValue
                0x00000000080069e4       0x88 ./Drivers/STM32F4xx_HAL_Driver/Src/stm32f4xx_hal_tim.o
                0x00000000080069e4                HAL_TIM_ReadCapturedValue
 .text.HAL_TIM_PeriodElapsedCallback
                0x0000000008006a6c       0x14 ./Drivers/STM32F4xx_HAL_Driver/Src/stm32f4xx_hal_tim.o
                0x0000000008006a6c                HAL_TIM_PeriodElapsedCallback
 .text.HAL_TIM_OC_DelayElapsedCallback
                0x0000000008006a80       0x14 ./Drivers/STM32F4xx_HAL_Driver/Src/stm32f4xx_hal_tim.o
                0x0000000008006a80                HAL_TIM_OC_DelayElapsedCallback
 .text.HAL_TIM_PWM_PulseFinishedCallback
                0x0000000008006a94       0x14 ./Drivers/STM32F4xx_HAL_Driver/Src/stm32f4xx_hal_tim.o
                0x0000000008006a94                HAL_TIM_PWM_PulseFinishedCallback
 .text.HAL_TIM_TriggerCallback
                0x0000000008006aa8       0x14 ./Drivers/STM32F4xx_HAL_Driver/Src/stm32f4xx_hal_tim.o
                0x0000000008006aa8                HAL_TIM_TriggerCallback
 .text.TIM_Base_SetConfig
                0x0000000008006abc      0x100 ./Drivers/STM32F4xx_HAL_Driver/Src/stm32f4xx_hal_tim.o
                0x0000000008006abc                TIM_Base_SetConfig
 .text.TIM_OC1_SetConfig
                0x0000000008006bbc       0xcc ./Drivers/STM32F4xx_HAL_Driver/Src/stm32f4xx_hal_tim.o
 .text.TIM_OC2_SetConfig
                0x0000000008006c88       0xd8 ./Drivers/STM32F4xx_HAL_Driver/Src/stm32f4xx_hal_tim.o
                0x0000000008006c88                TIM_OC2_SetConfig
 .text.TIM_OC3_SetConfig
                0x0000000008006d60       0xd4 ./Drivers/STM32F4xx_HAL_Driver/Src/stm32f4xx_hal_tim.o
 .text.TIM_OC4_SetConfig
                0x0000000008006e34       0xa0 ./Drivers/STM32F4xx_HAL_Driver/Src/stm32f4xx_hal_tim.o
 .text.TIM_TI1_SetConfig
                0x0000000008006ed4       0xd0 ./Drivers/STM32F4xx_HAL_Driver/Src/stm32f4xx_hal_tim.o
                0x0000000008006ed4                TIM_TI1_SetConfig
 .text.TIM_TI1_ConfigInputStage
                0x0000000008006fa4       0x5e ./Drivers/STM32F4xx_HAL_Driver/Src/stm32f4xx_hal_tim.o
 .text.TIM_TI2_SetConfig
                0x0000000008007002       0x7a ./Drivers/STM32F4xx_HAL_Driver/Src/stm32f4xx_hal_tim.o
 .text.TIM_TI2_ConfigInputStage
                0x000000000800707c       0x60 ./Drivers/STM32F4xx_HAL_Driver/Src/stm32f4xx_hal_tim.o
 .text.TIM_TI3_SetConfig
                0x00000000080070dc       0x78 ./Drivers/STM32F4xx_HAL_Driver/Src/stm32f4xx_hal_tim.o
 .text.TIM_TI4_SetConfig
                0x0000000008007154       0x7a ./Drivers/STM32F4xx_HAL_Driver/Src/stm32f4xx_hal_tim.o
 .text.TIM_ITRx_SetConfig
                0x00000000080071ce       0x36 ./Drivers/STM32F4xx_HAL_Driver/Src/stm32f4xx_hal_tim.o
 .text.TIM_ETR_SetConfig
                0x0000000008007204       0x40 ./Drivers/STM32F4xx_HAL_Driver/Src/stm32f4xx_hal_tim.o
                0x0000000008007204                TIM_ETR_SetConfig
 .text.TIM_CCxChannelCmd
                0x0000000008007244       0x4a ./Drivers/STM32F4xx_HAL_Driver/Src/stm32f4xx_hal_tim.o
                0x0000000008007244                TIM_CCxChannelCmd
 *fill*         0x000000000800728e        0x2 
 .text.HAL_TIMEx_MasterConfigSynchronization
                0x0000000008007290       0xdc ./Drivers/STM32F4xx_HAL_Driver/Src/stm32f4xx_hal_tim_ex.o
                0x0000000008007290                HAL_TIMEx_MasterConfigSynchronization
 .text.HAL_TIMEx_CommutCallback
                0x000000000800736c       0x14 ./Drivers/STM32F4xx_HAL_Driver/Src/stm32f4xx_hal_tim_ex.o
                0x000000000800736c                HAL_TIMEx_CommutCallback
 .text.HAL_TIMEx_BreakCallback
                0x0000000008007380       0x14 ./Drivers/STM32F4xx_HAL_Driver/Src/stm32f4xx_hal_tim_ex.o
                0x0000000008007380                HAL_TIMEx_BreakCallback
 .text.HAL_UART_Init
                0x0000000008007394       0x9a ./Drivers/STM32F4xx_HAL_Driver/Src/stm32f4xx_hal_uart.o
                0x0000000008007394                HAL_UART_Init
 .text.HAL_UART_Transmit
                0x000000000800742e      0x124 ./Drivers/STM32F4xx_HAL_Driver/Src/stm32f4xx_hal_uart.o
                0x000000000800742e                HAL_UART_Transmit
 *fill*         0x0000000008007552        0x2 
 .text.HAL_UART_IRQHandler
                0x0000000008007554      0x51c ./Drivers/STM32F4xx_HAL_Driver/Src/stm32f4xx_hal_uart.o
                0x0000000008007554                HAL_UART_IRQHandler
 .text.HAL_UART_TxCpltCallback
                0x0000000008007a70       0x14 ./Drivers/STM32F4xx_HAL_Driver/Src/stm32f4xx_hal_uart.o
                0x0000000008007a70                HAL_UART_TxCpltCallback
 .text.HAL_UART_RxCpltCallback
                0x0000000008007a84       0x14 ./Drivers/STM32F4xx_HAL_Driver/Src/stm32f4xx_hal_uart.o
                0x0000000008007a84                HAL_UART_RxCpltCallback
 .text.HAL_UART_ErrorCallback
                0x0000000008007a98       0x14 ./Drivers/STM32F4xx_HAL_Driver/Src/stm32f4xx_hal_uart.o
                0x0000000008007a98                HAL_UART_ErrorCallback
 .text.HAL_UARTEx_RxEventCallback
                0x0000000008007aac       0x18 ./Drivers/STM32F4xx_HAL_Driver/Src/stm32f4xx_hal_uart.o
                0x0000000008007aac                HAL_UARTEx_RxEventCallback
 .text.UART_WaitOnFlagUntilTimeout
                0x0000000008007ac4       0xdc ./Drivers/STM32F4xx_HAL_Driver/Src/stm32f4xx_hal_uart.o
 .text.UART_EndRxTransfer
                0x0000000008007ba0       0xc6 ./Drivers/STM32F4xx_HAL_Driver/Src/stm32f4xx_hal_uart.o
 .text.UART_DMAAbortOnError
                0x0000000008007c66       0x28 ./Drivers/STM32F4xx_HAL_Driver/Src/stm32f4xx_hal_uart.o
 .text.UART_Transmit_IT
                0x0000000008007c8e       0xa0 ./Drivers/STM32F4xx_HAL_Driver/Src/stm32f4xx_hal_uart.o
 .text.UART_EndTransmit_IT
                0x0000000008007d2e       0x30 ./Drivers/STM32F4xx_HAL_Driver/Src/stm32f4xx_hal_uart.o
 .text.UART_Receive_IT
                0x0000000008007d5e      0x176 ./Drivers/STM32F4xx_HAL_Driver/Src/stm32f4xx_hal_uart.o
 .text.UART_SetConfig
                0x0000000008007ed4      0x4e8 ./Drivers/STM32F4xx_HAL_Driver/Src/stm32f4xx_hal_uart.o
 .text.VL53L0X_GetDeviceInfo
                0x00000000080083bc       0x26 ./Drivers/VL53L0X/core/src/vl53l0x_api.o
                0x00000000080083bc                VL53L0X_GetDeviceInfo
 .text.VL53L0X_GetOffsetCalibrationDataMicroMeter
                0x00000000080083e2       0x26 ./Drivers/VL53L0X/core/src/vl53l0x_api.o
                0x00000000080083e2                VL53L0X_GetOffsetCalibrationDataMicroMeter
 .text.VL53L0X_DataInit
                0x0000000008008408      0x2ec ./Drivers/VL53L0X/core/src/vl53l0x_api.o
                0x0000000008008408                VL53L0X_DataInit
 .text.VL53L0X_StaticInit
                0x00000000080086f4      0x2f0 ./Drivers/VL53L0X/core/src/vl53l0x_api.o
                0x00000000080086f4                VL53L0X_StaticInit
 .text.VL53L0X_GetDeviceParameters
                0x00000000080089e4      0x11e ./Drivers/VL53L0X/core/src/vl53l0x_api.o
                0x00000000080089e4                VL53L0X_GetDeviceParameters
 *fill*         0x0000000008008b02        0x2 
 .text.VL53L0X_SetDeviceMode
                0x0000000008008b04       0x58 ./Drivers/VL53L0X/core/src/vl53l0x_api.o
                0x0000000008008b04                VL53L0X_SetDeviceMode
 .text.VL53L0X_GetDeviceMode
                0x0000000008008b5c       0x26 ./Drivers/VL53L0X/core/src/vl53l0x_api.o
                0x0000000008008b5c                VL53L0X_GetDeviceMode
 .text.VL53L0X_GetFractionEnable
                0x0000000008008b82       0x3e ./Drivers/VL53L0X/core/src/vl53l0x_api.o
                0x0000000008008b82                VL53L0X_GetFractionEnable
 .text.VL53L0X_SetMeasurementTimingBudgetMicroSeconds
                0x0000000008008bc0       0x26 ./Drivers/VL53L0X/core/src/vl53l0x_api.o
                0x0000000008008bc0                VL53L0X_SetMeasurementTimingBudgetMicroSeconds
 .text.VL53L0X_GetMeasurementTimingBudgetMicroSeconds
                0x0000000008008be6       0x26 ./Drivers/VL53L0X/core/src/vl53l0x_api.o
                0x0000000008008be6                VL53L0X_GetMeasurementTimingBudgetMicroSeconds
 .text.VL53L0X_GetVcselPulsePeriod
                0x0000000008008c0c       0x2e ./Drivers/VL53L0X/core/src/vl53l0x_api.o
                0x0000000008008c0c                VL53L0X_GetVcselPulsePeriod
 *fill*         0x0000000008008c3a        0x2 
 .text.VL53L0X_SetSequenceStepEnable
                0x0000000008008c3c      0x140 ./Drivers/VL53L0X/core/src/vl53l0x_api.o
                0x0000000008008c3c                VL53L0X_SetSequenceStepEnable
 .text._Z21sequence_step_enabledP13VL53L0X_Dev_thhPh
                0x0000000008008d7c       0xa4 ./Drivers/VL53L0X/core/src/vl53l0x_api.o
                0x0000000008008d7c                sequence_step_enabled(VL53L0X_Dev_t*, unsigned char, unsigned char, unsigned char*)
 .text.VL53L0X_GetSequenceStepEnables
                0x0000000008008e20       0xb0 ./Drivers/VL53L0X/core/src/vl53l0x_api.o
                0x0000000008008e20                VL53L0X_GetSequenceStepEnables
 .text.VL53L0X_GetSequenceStepTimeout
                0x0000000008008ed0       0x80 ./Drivers/VL53L0X/core/src/vl53l0x_api.o
                0x0000000008008ed0                VL53L0X_GetSequenceStepTimeout
 .text.VL53L0X_GetInterMeasurementPeriodMilliSeconds
                0x0000000008008f50       0x68 ./Drivers/VL53L0X/core/src/vl53l0x_api.o
                0x0000000008008f50                VL53L0X_GetInterMeasurementPeriodMilliSeconds
 .text.VL53L0X_GetXTalkCompensationEnable
                0x0000000008008fb8       0x2a ./Drivers/VL53L0X/core/src/vl53l0x_api.o
                0x0000000008008fb8                VL53L0X_GetXTalkCompensationEnable
 .text.VL53L0X_GetXTalkCompensationRateMegaCps
                0x0000000008008fe2       0x66 ./Drivers/VL53L0X/core/src/vl53l0x_api.o
                0x0000000008008fe2                VL53L0X_GetXTalkCompensationRateMegaCps
 .text.VL53L0X_SetLimitCheckEnable
                0x0000000008009048      0x118 ./Drivers/VL53L0X/core/src/vl53l0x_api.o
                0x0000000008009048                VL53L0X_SetLimitCheckEnable
 .text.VL53L0X_GetLimitCheckEnable
                0x0000000008009160       0x46 ./Drivers/VL53L0X/core/src/vl53l0x_api.o
                0x0000000008009160                VL53L0X_GetLimitCheckEnable
 *fill*         0x00000000080091a6        0x2 
 .text.VL53L0X_SetLimitCheckValue
                0x00000000080091a8       0xc4 ./Drivers/VL53L0X/core/src/vl53l0x_api.o
                0x00000000080091a8                VL53L0X_SetLimitCheckValue
 .text.VL53L0X_GetLimitCheckValue
                0x000000000800926c      0x11c ./Drivers/VL53L0X/core/src/vl53l0x_api.o
                0x000000000800926c                VL53L0X_GetLimitCheckValue
 .text.VL53L0X_GetWrapAroundCheckEnable
                0x0000000008009388       0x64 ./Drivers/VL53L0X/core/src/vl53l0x_api.o
                0x0000000008009388                VL53L0X_GetWrapAroundCheckEnable
 .text.VL53L0X_PerformSingleMeasurement
                0x00000000080093ec       0x68 ./Drivers/VL53L0X/core/src/vl53l0x_api.o
                0x00000000080093ec                VL53L0X_PerformSingleMeasurement
 .text.VL53L0X_PerformRefCalibration
                0x0000000008009454       0x2c ./Drivers/VL53L0X/core/src/vl53l0x_api.o
                0x0000000008009454                VL53L0X_PerformRefCalibration
 .text._Z37VL53L0X_CheckAndLoadInterruptSettingsP13VL53L0X_Dev_th
                0x0000000008009480       0xcc ./Drivers/VL53L0X/core/src/vl53l0x_api.o
                0x0000000008009480                VL53L0X_CheckAndLoadInterruptSettings(VL53L0X_Dev_t*, unsigned char)
 .text.VL53L0X_StartMeasurement
                0x000000000800954c      0x182 ./Drivers/VL53L0X/core/src/vl53l0x_api.o
                0x000000000800954c                VL53L0X_StartMeasurement
 .text.VL53L0X_GetMeasurementDataReady
                0x00000000080096ce       0x80 ./Drivers/VL53L0X/core/src/vl53l0x_api.o
                0x00000000080096ce                VL53L0X_GetMeasurementDataReady
 *fill*         0x000000000800974e        0x2 
 .text.VL53L0X_GetRangingMeasurementData
                0x0000000008009750      0x248 ./Drivers/VL53L0X/core/src/vl53l0x_api.o
                0x0000000008009750                VL53L0X_GetRangingMeasurementData
 .text.VL53L0X_PerformSingleRangingMeasurement
                0x0000000008009998       0x60 ./Drivers/VL53L0X/core/src/vl53l0x_api.o
                0x0000000008009998                VL53L0X_PerformSingleRangingMeasurement
 .text.VL53L0X_SetGpioConfig
                0x00000000080099f8      0x244 ./Drivers/VL53L0X/core/src/vl53l0x_api.o
                0x00000000080099f8                VL53L0X_SetGpioConfig
 .text.VL53L0X_GetInterruptThresholds
                0x0000000008009c3c       0x6c ./Drivers/VL53L0X/core/src/vl53l0x_api.o
                0x0000000008009c3c                VL53L0X_GetInterruptThresholds
 .text.VL53L0X_ClearInterruptMask
                0x0000000008009ca8       0x82 ./Drivers/VL53L0X/core/src/vl53l0x_api.o
                0x0000000008009ca8                VL53L0X_ClearInterruptMask
 .text.VL53L0X_GetInterruptMaskStatus
                0x0000000008009d2a       0x44 ./Drivers/VL53L0X/core/src/vl53l0x_api.o
                0x0000000008009d2a                VL53L0X_GetInterruptMaskStatus
 .text.VL53L0X_PerformRefSpadManagement
                0x0000000008009d6e       0x2a ./Drivers/VL53L0X/core/src/vl53l0x_api.o
                0x0000000008009d6e                VL53L0X_PerformRefSpadManagement
 .text.VL53L0X_get_offset_calibration_data_micro_meter
                0x0000000008009d98       0x7e ./Drivers/VL53L0X/core/src/vl53l0x_api_calibration.o
                0x0000000008009d98                VL53L0X_get_offset_calibration_data_micro_meter
 .text._Z18get_next_good_spadPhmmPl
                0x0000000008009e16       0xbc ./Drivers/VL53L0X/core/src/vl53l0x_api_calibration.o
                0x0000000008009e16                get_next_good_spad(unsigned char*, unsigned long, unsigned long, long*)
 *fill*         0x0000000008009ed2        0x2 
 .text._Z11is_aperturem
                0x0000000008009ed4       0x34 ./Drivers/VL53L0X/core/src/vl53l0x_api_calibration.o
                0x0000000008009ed4                is_aperture(unsigned long)
 .text._Z15enable_spad_bitPhmm
                0x0000000008009f08       0x70 ./Drivers/VL53L0X/core/src/vl53l0x_api_calibration.o
                0x0000000008009f08                enable_spad_bit(unsigned char*, unsigned long, unsigned long)
 .text._Z16set_ref_spad_mapP13VL53L0X_Dev_tPh
                0x0000000008009f78       0x26 ./Drivers/VL53L0X/core/src/vl53l0x_api_calibration.o
                0x0000000008009f78                set_ref_spad_map(VL53L0X_Dev_t*, unsigned char*)
 .text._Z16get_ref_spad_mapP13VL53L0X_Dev_tPh
                0x0000000008009f9e       0x26 ./Drivers/VL53L0X/core/src/vl53l0x_api_calibration.o
                0x0000000008009f9e                get_ref_spad_map(VL53L0X_Dev_t*, unsigned char*)
 .text._Z16enable_ref_spadsP13VL53L0X_Dev_thPhS1_mmmmPm
                0x0000000008009fc4      0x102 ./Drivers/VL53L0X/core/src/vl53l0x_api_calibration.o
                0x0000000008009fc4                enable_ref_spads(VL53L0X_Dev_t*, unsigned char, unsigned char*, unsigned char*, unsigned long, unsigned long, unsigned long, unsigned long, unsigned long*)
 .text._Z30perform_ref_signal_measurementP13VL53L0X_Dev_tPt
                0x000000000800a0c6       0xd4 ./Drivers/VL53L0X/core/src/vl53l0x_api_calibration.o
                0x000000000800a0c6                perform_ref_signal_measurement(VL53L0X_Dev_t*, unsigned short*)
 .text.VL53L0X_perform_ref_spad_management
                0x000000000800a19a      0x42a ./Drivers/VL53L0X/core/src/vl53l0x_api_calibration.o
                0x000000000800a19a                VL53L0X_perform_ref_spad_management
 .text._Z38VL53L0X_perform_single_ref_calibrationP13VL53L0X_Dev_th
                0x000000000800a5c4       0x76 ./Drivers/VL53L0X/core/src/vl53l0x_api_calibration.o
                0x000000000800a5c4                VL53L0X_perform_single_ref_calibration(VL53L0X_Dev_t*, unsigned char)
 .text._Z26VL53L0X_ref_calibration_ioP13VL53L0X_Dev_thhhPhS1_hh
                0x000000000800a63a      0x132 ./Drivers/VL53L0X/core/src/vl53l0x_api_calibration.o
                0x000000000800a63a                VL53L0X_ref_calibration_io(VL53L0X_Dev_t*, unsigned char, unsigned char, unsigned char, unsigned char*, unsigned char*, unsigned char, unsigned char)
 .text._Z31VL53L0X_perform_vhv_calibrationP13VL53L0X_Dev_tPhhh
                0x000000000800a76c       0xce ./Drivers/VL53L0X/core/src/vl53l0x_api_calibration.o
                0x000000000800a76c                VL53L0X_perform_vhv_calibration(VL53L0X_Dev_t*, unsigned char*, unsigned char, unsigned char)
 .text.VL53L0X_perform_phase_calibration
                0x000000000800a83a       0xca ./Drivers/VL53L0X/core/src/vl53l0x_api_calibration.o
                0x000000000800a83a                VL53L0X_perform_phase_calibration
 .text.VL53L0X_perform_ref_calibration
                0x000000000800a904       0x7a ./Drivers/VL53L0X/core/src/vl53l0x_api_calibration.o
                0x000000000800a904                VL53L0X_perform_ref_calibration
 .text._ZSt3absx
                0x000000000800a97e       0x2a ./Drivers/VL53L0X/core/src/vl53l0x_api_core.o
                0x000000000800a97e                std::abs(long long)
 .text.VL53L0X_measurement_poll_for_completion
                0x000000000800a9a8       0x5e ./Drivers/VL53L0X/core/src/vl53l0x_api_core.o
                0x000000000800a9a8                VL53L0X_measurement_poll_for_completion
 .text.VL53L0X_decode_vcsel_period
                0x000000000800aa06       0x26 ./Drivers/VL53L0X/core/src/vl53l0x_api_core.o
                0x000000000800aa06                VL53L0X_decode_vcsel_period
 .text.VL53L0X_isqrt
                0x000000000800aa2c       0x68 ./Drivers/VL53L0X/core/src/vl53l0x_api_core.o
                0x000000000800aa2c                VL53L0X_isqrt
 .text._Z26VL53L0X_device_read_strobeP13VL53L0X_Dev_t
                0x000000000800aa94       0x84 ./Drivers/VL53L0X/core/src/vl53l0x_api_core.o
                0x000000000800aa94                VL53L0X_device_read_strobe(VL53L0X_Dev_t*)
 .text.VL53L0X_get_info_from_device
                0x000000000800ab18      0x982 ./Drivers/VL53L0X/core/src/vl53l0x_api_core.o
                0x000000000800ab18                VL53L0X_get_info_from_device
 .text._Z28VL53L0X_calc_macro_period_psP13VL53L0X_Dev_th
                0x000000000800b49a       0x3c ./Drivers/VL53L0X/core/src/vl53l0x_api_core.o
                0x000000000800b49a                VL53L0X_calc_macro_period_ps(VL53L0X_Dev_t*, unsigned char)
 .text.VL53L0X_encode_timeout
                0x000000000800b4d6       0x58 ./Drivers/VL53L0X/core/src/vl53l0x_api_core.o
                0x000000000800b4d6                VL53L0X_encode_timeout
 .text.VL53L0X_decode_timeout
                0x000000000800b52e       0x2c ./Drivers/VL53L0X/core/src/vl53l0x_api_core.o
                0x000000000800b52e                VL53L0X_decode_timeout
 *fill*         0x000000000800b55a        0x2 
 .text.VL53L0X_calc_timeout_mclks
                0x000000000800b55c       0x54 ./Drivers/VL53L0X/core/src/vl53l0x_api_core.o
                0x000000000800b55c                VL53L0X_calc_timeout_mclks
 .text._Z23VL53L0X_calc_timeout_usP13VL53L0X_Dev_tth
                0x000000000800b5b0       0x58 ./Drivers/VL53L0X/core/src/vl53l0x_api_core.o
                0x000000000800b5b0                VL53L0X_calc_timeout_us(VL53L0X_Dev_t*, unsigned short, unsigned char)
 .text.get_sequence_step_timeout
                0x000000000800b608      0x1c2 ./Drivers/VL53L0X/core/src/vl53l0x_api_core.o
                0x000000000800b608                get_sequence_step_timeout
 .text.set_sequence_step_timeout
                0x000000000800b7ca      0x1e8 ./Drivers/VL53L0X/core/src/vl53l0x_api_core.o
                0x000000000800b7ca                set_sequence_step_timeout
 .text.VL53L0X_get_vcsel_pulse_period
                0x000000000800b9b2       0x6e ./Drivers/VL53L0X/core/src/vl53l0x_api_core.o
                0x000000000800b9b2                VL53L0X_get_vcsel_pulse_period
 .text.VL53L0X_set_measurement_timing_budget_micro_seconds
                0x000000000800ba20      0x1c0 ./Drivers/VL53L0X/core/src/vl53l0x_api_core.o
                0x000000000800ba20                VL53L0X_set_measurement_timing_budget_micro_seconds
 .text.VL53L0X_get_measurement_timing_budget_micro_seconds
                0x000000000800bbe0      0x162 ./Drivers/VL53L0X/core/src/vl53l0x_api_core.o
                0x000000000800bbe0                VL53L0X_get_measurement_timing_budget_micro_seconds
 *fill*         0x000000000800bd42        0x2 
 .text.VL53L0X_load_tuning_settings
                0x000000000800bd44      0x1c8 ./Drivers/VL53L0X/core/src/vl53l0x_api_core.o
                0x000000000800bd44                VL53L0X_load_tuning_settings
 .text.VL53L0X_get_total_xtalk_rate
                0x000000000800bf0c       0x5e ./Drivers/VL53L0X/core/src/vl53l0x_api_core.o
                0x000000000800bf0c                VL53L0X_get_total_xtalk_rate
 .text.VL53L0X_get_total_signal_rate
                0x000000000800bf6a       0x4a ./Drivers/VL53L0X/core/src/vl53l0x_api_core.o
                0x000000000800bf6a                VL53L0X_get_total_signal_rate
 .text._Z17VL53L0X_calc_dmaxP13VL53L0X_Dev_tmmmmmmPm
                0x000000000800bfb4      0x224 ./Drivers/VL53L0X/core/src/vl53l0x_api_core.o
                0x000000000800bfb4                VL53L0X_calc_dmax(VL53L0X_Dev_t*, unsigned long, unsigned long, unsigned long, unsigned long, unsigned long, unsigned long, unsigned long*)
 .text.VL53L0X_calc_sigma_estimate
                0x000000000800c1d8      0x430 ./Drivers/VL53L0X/core/src/vl53l0x_api_core.o
                0x000000000800c1d8                VL53L0X_calc_sigma_estimate
 .text.VL53L0X_get_pal_range_status
                0x000000000800c608      0x3b6 ./Drivers/VL53L0X/core/src/vl53l0x_api_core.o
                0x000000000800c608                VL53L0X_get_pal_range_status
 .text._Z23VL53L0X_check_part_usedP13VL53L0X_Dev_tPhP20VL53L0X_DeviceInfo_t
                0x000000000800c9be       0x6a ./Drivers/VL53L0X/core/src/vl53l0x_api_strings.o
                0x000000000800c9be                VL53L0X_check_part_used(VL53L0X_Dev_t*, unsigned char*, VL53L0X_DeviceInfo_t*)
 .text.VL53L0X_get_device_info
                0x000000000800ca28      0x108 ./Drivers/VL53L0X/core/src/vl53l0x_api_strings.o
                0x000000000800ca28                VL53L0X_get_device_info
 .text._Z19VL53L0X_write_multihhPhmP17I2C_HandleTypeDef
                0x000000000800cb30       0x4c ./Drivers/VL53L0X/platform/src/vl53l0x_i2c_comms.o
                0x000000000800cb30                VL53L0X_write_multi(unsigned char, unsigned char, unsigned char*, unsigned long, I2C_HandleTypeDef*)
 .text._Z18VL53L0X_read_multihhPhmP17I2C_HandleTypeDef
                0x000000000800cb7c       0x60 ./Drivers/VL53L0X/platform/src/vl53l0x_i2c_comms.o
                0x000000000800cb7c                VL53L0X_read_multi(unsigned char, unsigned char, unsigned char*, unsigned long, I2C_HandleTypeDef*)
 .text._Z18VL53L0X_write_bytehhhP17I2C_HandleTypeDef
                0x000000000800cbdc       0x3c ./Drivers/VL53L0X/platform/src/vl53l0x_i2c_comms.o
                0x000000000800cbdc                VL53L0X_write_byte(unsigned char, unsigned char, unsigned char, I2C_HandleTypeDef*)
 .text._Z18VL53L0X_write_wordhhtP17I2C_HandleTypeDef
                0x000000000800cc18       0x48 ./Drivers/VL53L0X/platform/src/vl53l0x_i2c_comms.o
                0x000000000800cc18                VL53L0X_write_word(unsigned char, unsigned char, unsigned short, I2C_HandleTypeDef*)
 .text._Z17VL53L0X_read_bytehhPhP17I2C_HandleTypeDef
                0x000000000800cc60       0x5e ./Drivers/VL53L0X/platform/src/vl53l0x_i2c_comms.o
                0x000000000800cc60                VL53L0X_read_byte(unsigned char, unsigned char, unsigned char*, I2C_HandleTypeDef*)
 .text._Z17VL53L0X_read_wordhhPtP17I2C_HandleTypeDef
                0x000000000800ccbe       0x84 ./Drivers/VL53L0X/platform/src/vl53l0x_i2c_comms.o
                0x000000000800ccbe                VL53L0X_read_word(unsigned char, unsigned char, unsigned short*, I2C_HandleTypeDef*)
 .text._Z18VL53L0X_read_dwordhhPmP17I2C_HandleTypeDef
                0x000000000800cd42       0xa4 ./Drivers/VL53L0X/platform/src/vl53l0x_i2c_comms.o
                0x000000000800cd42                VL53L0X_read_dword(unsigned char, unsigned char, unsigned long*, I2C_HandleTypeDef*)
 .text.VL53L0X_WriteMulti
                0x000000000800cde6       0x56 ./Drivers/VL53L0X/platform/src/vl53l0x_platform.o
                0x000000000800cde6                VL53L0X_WriteMulti
 .text.VL53L0X_ReadMulti
                0x000000000800ce3c       0x52 ./Drivers/VL53L0X/platform/src/vl53l0x_platform.o
                0x000000000800ce3c                VL53L0X_ReadMulti
 .text.VL53L0X_WrByte
                0x000000000800ce8e       0x44 ./Drivers/VL53L0X/platform/src/vl53l0x_platform.o
                0x000000000800ce8e                VL53L0X_WrByte
 .text.VL53L0X_WrWord
                0x000000000800ced2       0x44 ./Drivers/VL53L0X/platform/src/vl53l0x_platform.o
                0x000000000800ced2                VL53L0X_WrWord
 .text.VL53L0X_UpdateByte
                0x000000000800cf16       0x84 ./Drivers/VL53L0X/platform/src/vl53l0x_platform.o
                0x000000000800cf16                VL53L0X_UpdateByte
 .text.VL53L0X_RdByte
                0x000000000800cf9a       0x42 ./Drivers/VL53L0X/platform/src/vl53l0x_platform.o
                0x000000000800cf9a                VL53L0X_RdByte
 .text.VL53L0X_RdWord
                0x000000000800cfdc       0x42 ./Drivers/VL53L0X/platform/src/vl53l0x_platform.o
                0x000000000800cfdc                VL53L0X_RdWord
 .text.VL53L0X_RdDWord
                0x000000000800d01e       0x42 ./Drivers/VL53L0X/platform/src/vl53l0x_platform.o
                0x000000000800d01e                VL53L0X_RdDWord
 .text.VL53L0X_PollingDelay
                0x000000000800d060       0x3a ./Drivers/VL53L0X/platform/src/vl53l0x_platform.o
                0x000000000800d060                VL53L0X_PollingDelay
 *fill*         0x000000000800d09a        0x2 
 .text.__errno  0x000000000800d09c        0xc c:/st/stm32cubeide_1.9.0/stm32cubeide/plugins/com.st.stm32cube.ide.mcu.externaltools.gnu-tools-for-stm32.10.3-2021.10.win32_1.0.0.202111181127/tools/bin/../lib/gcc/arm-none-eabi/10.3.1/../../../../arm-none-eabi/lib/thumb/v7e-m+fp/hard\libc_nano.a(lib_a-errno.o)
                0x000000000800d09c                __errno
 .text.__libc_init_array
                0x000000000800d0a8       0x48 c:/st/stm32cubeide_1.9.0/stm32cubeide/plugins/com.st.stm32cube.ide.mcu.externaltools.gnu-tools-for-stm32.10.3-2021.10.win32_1.0.0.202111181127/tools/bin/../lib/gcc/arm-none-eabi/10.3.1/../../../../arm-none-eabi/lib/thumb/v7e-m+fp/hard\libc_nano.a(lib_a-init.o)
                0x000000000800d0a8                __libc_init_array
 .text.memcpy   0x000000000800d0f0       0x1c c:/st/stm32cubeide_1.9.0/stm32cubeide/plugins/com.st.stm32cube.ide.mcu.externaltools.gnu-tools-for-stm32.10.3-2021.10.win32_1.0.0.202111181127/tools/bin/../lib/gcc/arm-none-eabi/10.3.1/../../../../arm-none-eabi/lib/thumb/v7e-m+fp/hard\libc_nano.a(lib_a-memcpy-stub.o)
                0x000000000800d0f0                memcpy
 .text.memset   0x000000000800d10c       0x10 c:/st/stm32cubeide_1.9.0/stm32cubeide/plugins/com.st.stm32cube.ide.mcu.externaltools.gnu-tools-for-stm32.10.3-2021.10.win32_1.0.0.202111181127/tools/bin/../lib/gcc/arm-none-eabi/10.3.1/../../../../arm-none-eabi/lib/thumb/v7e-m+fp/hard\libc_nano.a(lib_a-memset.o)
                0x000000000800d10c                memset
 .text.__cvt    0x000000000800d11c       0xc4 c:/st/stm32cubeide_1.9.0/stm32cubeide/plugins/com.st.stm32cube.ide.mcu.externaltools.gnu-tools-for-stm32.10.3-2021.10.win32_1.0.0.202111181127/tools/bin/../lib/gcc/arm-none-eabi/10.3.1/../../../../arm-none-eabi/lib/thumb/v7e-m+fp/hard\libc_nano.a(lib_a-nano-vfprintf_float.o)
                0x000000000800d11c                __cvt
 .text.__exponent
                0x000000000800d1e0       0x7c c:/st/stm32cubeide_1.9.0/stm32cubeide/plugins/com.st.stm32cube.ide.mcu.externaltools.gnu-tools-for-stm32.10.3-2021.10.win32_1.0.0.202111181127/tools/bin/../lib/gcc/arm-none-eabi/10.3.1/../../../../arm-none-eabi/lib/thumb/v7e-m+fp/hard\libc_nano.a(lib_a-nano-vfprintf_float.o)
                0x000000000800d1e0                __exponent
 .text._printf_float
                0x000000000800d25c      0x46c c:/st/stm32cubeide_1.9.0/stm32cubeide/plugins/com.st.stm32cube.ide.mcu.externaltools.gnu-tools-for-stm32.10.3-2021.10.win32_1.0.0.202111181127/tools/bin/../lib/gcc/arm-none-eabi/10.3.1/../../../../arm-none-eabi/lib/thumb/v7e-m+fp/hard\libc_nano.a(lib_a-nano-vfprintf_float.o)
                0x000000000800d25c                _printf_float
 .text._printf_common
                0x000000000800d6c8       0xda c:/st/stm32cubeide_1.9.0/stm32cubeide/plugins/com.st.stm32cube.ide.mcu.externaltools.gnu-tools-for-stm32.10.3-2021.10.win32_1.0.0.202111181127/tools/bin/../lib/gcc/arm-none-eabi/10.3.1/../../../../arm-none-eabi/lib/thumb/v7e-m+fp/hard\libc_nano.a(lib_a-nano-vfprintf_i.o)
                0x000000000800d6c8                _printf_common
 *fill*         0x000000000800d7a2        0x2 
 .text._printf_i
                0x000000000800d7a4      0x24c c:/st/stm32cubeide_1.9.0/stm32cubeide/plugins/com.st.stm32cube.ide.mcu.externaltools.gnu-tools-for-stm32.10.3-2021.10.win32_1.0.0.202111181127/tools/bin/../lib/gcc/arm-none-eabi/10.3.1/../../../../arm-none-eabi/lib/thumb/v7e-m+fp/hard\libc_nano.a(lib_a-nano-vfprintf_i.o)
                0x000000000800d7a4                _printf_i
 .text._scanf_float
                0x000000000800d9f0      0x420 c:/st/stm32cubeide_1.9.0/stm32cubeide/plugins/com.st.stm32cube.ide.mcu.externaltools.gnu-tools-for-stm32.10.3-2021.10.win32_1.0.0.202111181127/tools/bin/../lib/gcc/arm-none-eabi/10.3.1/../../../../arm-none-eabi/lib/thumb/v7e-m+fp/hard\libc_nano.a(lib_a-nano-vfscanf_float.o)
                0x000000000800d9f0                _scanf_float
 .text.nanf     0x000000000800de10        0xc c:/st/stm32cubeide_1.9.0/stm32cubeide/plugins/com.st.stm32cube.ide.mcu.externaltools.gnu-tools-for-stm32.10.3-2021.10.win32_1.0.0.202111181127/tools/bin/../lib/gcc/arm-none-eabi/10.3.1/../../../../arm-none-eabi/lib/thumb/v7e-m+fp/hard\libc_nano.a(lib_a-sf_nan.o)
                0x000000000800de10                nanf
 .text.sprintf  0x000000000800de1c       0x40 c:/st/stm32cubeide_1.9.0/stm32cubeide/plugins/com.st.stm32cube.ide.mcu.externaltools.gnu-tools-for-stm32.10.3-2021.10.win32_1.0.0.202111181127/tools/bin/../lib/gcc/arm-none-eabi/10.3.1/../../../../arm-none-eabi/lib/thumb/v7e-m+fp/hard\libc_nano.a(lib_a-sprintf.o)
                0x000000000800de1c                siprintf
                0x000000000800de1c                sprintf
 .text.strcpy   0x000000000800de5c       0x10 c:/st/stm32cubeide_1.9.0/stm32cubeide/plugins/com.st.stm32cube.ide.mcu.externaltools.gnu-tools-for-stm32.10.3-2021.10.win32_1.0.0.202111181127/tools/bin/../lib/gcc/arm-none-eabi/10.3.1/../../../../arm-none-eabi/lib/thumb/v7e-m+fp/hard\libc_nano.a(lib_a-strcpy.o)
                0x000000000800de5c                strcpy
 .text.sulp     0x000000000800de6c       0x38 c:/st/stm32cubeide_1.9.0/stm32cubeide/plugins/com.st.stm32cube.ide.mcu.externaltools.gnu-tools-for-stm32.10.3-2021.10.win32_1.0.0.202111181127/tools/bin/../lib/gcc/arm-none-eabi/10.3.1/../../../../arm-none-eabi/lib/thumb/v7e-m+fp/hard\libc_nano.a(lib_a-strtod.o)
 *fill*         0x000000000800dea4        0x4 
 .text._strtod_l
                0x000000000800dea8      0xc0c c:/st/stm32cubeide_1.9.0/stm32cubeide/plugins/com.st.stm32cube.ide.mcu.externaltools.gnu-tools-for-stm32.10.3-2021.10.win32_1.0.0.202111181127/tools/bin/../lib/gcc/arm-none-eabi/10.3.1/../../../../arm-none-eabi/lib/thumb/v7e-m+fp/hard\libc_nano.a(lib_a-strtod.o)
                0x000000000800dea8                _strtod_l
 .text._strtod_r
                0x000000000800eab4        0xc c:/st/stm32cubeide_1.9.0/stm32cubeide/plugins/com.st.stm32cube.ide.mcu.externaltools.gnu-tools-for-stm32.10.3-2021.10.win32_1.0.0.202111181127/tools/bin/../lib/gcc/arm-none-eabi/10.3.1/../../../../arm-none-eabi/lib/thumb/v7e-m+fp/hard\libc_nano.a(lib_a-strtod.o)
                0x000000000800eab4                _strtod_r
 .text._strtol_l.constprop.0
                0x000000000800eac0      0x104 c:/st/stm32cubeide_1.9.0/stm32cubeide/plugins/com.st.stm32cube.ide.mcu.externaltools.gnu-tools-for-stm32.10.3-2021.10.win32_1.0.0.202111181127/tools/bin/../lib/gcc/arm-none-eabi/10.3.1/../../../../arm-none-eabi/lib/thumb/v7e-m+fp/hard\libc_nano.a(lib_a-strtol.o)
 .text._strtol_r
                0x000000000800ebc4        0x4 c:/st/stm32cubeide_1.9.0/stm32cubeide/plugins/com.st.stm32cube.ide.mcu.externaltools.gnu-tools-for-stm32.10.3-2021.10.win32_1.0.0.202111181127/tools/bin/../lib/gcc/arm-none-eabi/10.3.1/../../../../arm-none-eabi/lib/thumb/v7e-m+fp/hard\libc_nano.a(lib_a-strtol.o)
                0x000000000800ebc4                _strtol_r
 .text.quorem   0x000000000800ebc8      0x116 c:/st/stm32cubeide_1.9.0/stm32cubeide/plugins/com.st.stm32cube.ide.mcu.externaltools.gnu-tools-for-stm32.10.3-2021.10.win32_1.0.0.202111181127/tools/bin/../lib/gcc/arm-none-eabi/10.3.1/../../../../arm-none-eabi/lib/thumb/v7e-m+fp/hard\libc_nano.a(lib_a-dtoa.o)
 *fill*         0x000000000800ecde        0x2 
 .text._dtoa_r  0x000000000800ece0      0xbdc c:/st/stm32cubeide_1.9.0/stm32cubeide/plugins/com.st.stm32cube.ide.mcu.externaltools.gnu-tools-for-stm32.10.3-2021.10.win32_1.0.0.202111181127/tools/bin/../lib/gcc/arm-none-eabi/10.3.1/../../../../arm-none-eabi/lib/thumb/v7e-m+fp/hard\libc_nano.a(lib_a-dtoa.o)
                0x000000000800ece0                _dtoa_r
 .text.rshift   0x000000000800f8bc       0xa4 c:/st/stm32cubeide_1.9.0/stm32cubeide/plugins/com.st.stm32cube.ide.mcu.externaltools.gnu-tools-for-stm32.10.3-2021.10.win32_1.0.0.202111181127/tools/bin/../lib/gcc/arm-none-eabi/10.3.1/../../../../arm-none-eabi/lib/thumb/v7e-m+fp/hard\libc_nano.a(lib_a-gdtoa-gethex.o)
 .text.__hexdig_fun
                0x000000000800f960       0x2a c:/st/stm32cubeide_1.9.0/stm32cubeide/plugins/com.st.stm32cube.ide.mcu.externaltools.gnu-tools-for-stm32.10.3-2021.10.win32_1.0.0.202111181127/tools/bin/../lib/gcc/arm-none-eabi/10.3.1/../../../../arm-none-eabi/lib/thumb/v7e-m+fp/hard\libc_nano.a(lib_a-gdtoa-gethex.o)
                0x000000000800f960                __hexdig_fun
 *fill*         0x000000000800f98a        0x2 
 .text.__gethex
                0x000000000800f98c      0x48c c:/st/stm32cubeide_1.9.0/stm32cubeide/plugins/com.st.stm32cube.ide.mcu.externaltools.gnu-tools-for-stm32.10.3-2021.10.win32_1.0.0.202111181127/tools/bin/../lib/gcc/arm-none-eabi/10.3.1/../../../../arm-none-eabi/lib/thumb/v7e-m+fp/hard\libc_nano.a(lib_a-gdtoa-gethex.o)
                0x000000000800f98c                __gethex
 .text.L_shift  0x000000000800fe18       0x24 c:/st/stm32cubeide_1.9.0/stm32cubeide/plugins/com.st.stm32cube.ide.mcu.externaltools.gnu-tools-for-stm32.10.3-2021.10.win32_1.0.0.202111181127/tools/bin/../lib/gcc/arm-none-eabi/10.3.1/../../../../arm-none-eabi/lib/thumb/v7e-m+fp/hard\libc_nano.a(lib_a-gdtoa-hexnan.o)
 .text.__match  0x000000000800fe3c       0x28 c:/st/stm32cubeide_1.9.0/stm32cubeide/plugins/com.st.stm32cube.ide.mcu.externaltools.gnu-tools-for-stm32.10.3-2021.10.win32_1.0.0.202111181127/tools/bin/../lib/gcc/arm-none-eabi/10.3.1/../../../../arm-none-eabi/lib/thumb/v7e-m+fp/hard\libc_nano.a(lib_a-gdtoa-hexnan.o)
                0x000000000800fe3c                __match
 .text.__hexnan
                0x000000000800fe64      0x138 c:/st/stm32cubeide_1.9.0/stm32cubeide/plugins/com.st.stm32cube.ide.mcu.externaltools.gnu-tools-for-stm32.10.3-2021.10.win32_1.0.0.202111181127/tools/bin/../lib/gcc/arm-none-eabi/10.3.1/../../../../arm-none-eabi/lib/thumb/v7e-m+fp/hard\libc_nano.a(lib_a-gdtoa-hexnan.o)
                0x000000000800fe64                __hexnan
 .text._localeconv_r
                0x000000000800ff9c        0x8 c:/st/stm32cubeide_1.9.0/stm32cubeide/plugins/com.st.stm32cube.ide.mcu.externaltools.gnu-tools-for-stm32.10.3-2021.10.win32_1.0.0.202111181127/tools/bin/../lib/gcc/arm-none-eabi/10.3.1/../../../../arm-none-eabi/lib/thumb/v7e-m+fp/hard\libc_nano.a(lib_a-localeconv.o)
                0x000000000800ff9c                _localeconv_r
 .text.malloc   0x000000000800ffa4       0x10 c:/st/stm32cubeide_1.9.0/stm32cubeide/plugins/com.st.stm32cube.ide.mcu.externaltools.gnu-tools-for-stm32.10.3-2021.10.win32_1.0.0.202111181127/tools/bin/../lib/gcc/arm-none-eabi/10.3.1/../../../../arm-none-eabi/lib/thumb/v7e-m+fp/hard\libc_nano.a(lib_a-malloc.o)
                0x000000000800ffa4                malloc
 .text.__ascii_mbtowc
                0x000000000800ffb4       0x24 c:/st/stm32cubeide_1.9.0/stm32cubeide/plugins/com.st.stm32cube.ide.mcu.externaltools.gnu-tools-for-stm32.10.3-2021.10.win32_1.0.0.202111181127/tools/bin/../lib/gcc/arm-none-eabi/10.3.1/../../../../arm-none-eabi/lib/thumb/v7e-m+fp/hard\libc_nano.a(lib_a-mbtowc_r.o)
                0x000000000800ffb4                __ascii_mbtowc
 .text._Balloc  0x000000000800ffd8       0x80 c:/st/stm32cubeide_1.9.0/stm32cubeide/plugins/com.st.stm32cube.ide.mcu.externaltools.gnu-tools-for-stm32.10.3-2021.10.win32_1.0.0.202111181127/tools/bin/../lib/gcc/arm-none-eabi/10.3.1/../../../../arm-none-eabi/lib/thumb/v7e-m+fp/hard\libc_nano.a(lib_a-mprec.o)
                0x000000000800ffd8                _Balloc
 .text._Bfree   0x0000000008010058       0x44 c:/st/stm32cubeide_1.9.0/stm32cubeide/plugins/com.st.stm32cube.ide.mcu.externaltools.gnu-tools-for-stm32.10.3-2021.10.win32_1.0.0.202111181127/tools/bin/../lib/gcc/arm-none-eabi/10.3.1/../../../../arm-none-eabi/lib/thumb/v7e-m+fp/hard\libc_nano.a(lib_a-mprec.o)
                0x0000000008010058                _Bfree
 .text.__multadd
                0x000000000801009c       0x8c c:/st/stm32cubeide_1.9.0/stm32cubeide/plugins/com.st.stm32cube.ide.mcu.externaltools.gnu-tools-for-stm32.10.3-2021.10.win32_1.0.0.202111181127/tools/bin/../lib/gcc/arm-none-eabi/10.3.1/../../../../arm-none-eabi/lib/thumb/v7e-m+fp/hard\libc_nano.a(lib_a-mprec.o)
                0x000000000801009c                __multadd
 .text.__s2b    0x0000000008010128       0x94 c:/st/stm32cubeide_1.9.0/stm32cubeide/plugins/com.st.stm32cube.ide.mcu.externaltools.gnu-tools-for-stm32.10.3-2021.10.win32_1.0.0.202111181127/tools/bin/../lib/gcc/arm-none-eabi/10.3.1/../../../../arm-none-eabi/lib/thumb/v7e-m+fp/hard\libc_nano.a(lib_a-mprec.o)
                0x0000000008010128                __s2b
 .text.__hi0bits
                0x00000000080101bc       0x40 c:/st/stm32cubeide_1.9.0/stm32cubeide/plugins/com.st.stm32cube.ide.mcu.externaltools.gnu-tools-for-stm32.10.3-2021.10.win32_1.0.0.202111181127/tools/bin/../lib/gcc/arm-none-eabi/10.3.1/../../../../arm-none-eabi/lib/thumb/v7e-m+fp/hard\libc_nano.a(lib_a-mprec.o)
                0x00000000080101bc                __hi0bits
 .text.__lo0bits
                0x00000000080101fc       0x5e c:/st/stm32cubeide_1.9.0/stm32cubeide/plugins/com.st.stm32cube.ide.mcu.externaltools.gnu-tools-for-stm32.10.3-2021.10.win32_1.0.0.202111181127/tools/bin/../lib/gcc/arm-none-eabi/10.3.1/../../../../arm-none-eabi/lib/thumb/v7e-m+fp/hard\libc_nano.a(lib_a-mprec.o)
                0x00000000080101fc                __lo0bits
 *fill*         0x000000000801025a        0x2 
 .text.__i2b    0x000000000801025c       0x2c c:/st/stm32cubeide_1.9.0/stm32cubeide/plugins/com.st.stm32cube.ide.mcu.externaltools.gnu-tools-for-stm32.10.3-2021.10.win32_1.0.0.202111181127/tools/bin/../lib/gcc/arm-none-eabi/10.3.1/../../../../arm-none-eabi/lib/thumb/v7e-m+fp/hard\libc_nano.a(lib_a-mprec.o)
                0x000000000801025c                __i2b
 .text.__multiply
                0x0000000008010288      0x154 c:/st/stm32cubeide_1.9.0/stm32cubeide/plugins/com.st.stm32cube.ide.mcu.externaltools.gnu-tools-for-stm32.10.3-2021.10.win32_1.0.0.202111181127/tools/bin/../lib/gcc/arm-none-eabi/10.3.1/../../../../arm-none-eabi/lib/thumb/v7e-m+fp/hard\libc_nano.a(lib_a-mprec.o)
                0x0000000008010288                __multiply
 .text.__pow5mult
                0x00000000080103dc       0xb4 c:/st/stm32cubeide_1.9.0/stm32cubeide/plugins/com.st.stm32cube.ide.mcu.externaltools.gnu-tools-for-stm32.10.3-2021.10.win32_1.0.0.202111181127/tools/bin/../lib/gcc/arm-none-eabi/10.3.1/../../../../arm-none-eabi/lib/thumb/v7e-m+fp/hard\libc_nano.a(lib_a-mprec.o)
                0x00000000080103dc                __pow5mult
 .text.__lshift
                0x0000000008010490       0xe0 c:/st/stm32cubeide_1.9.0/stm32cubeide/plugins/com.st.stm32cube.ide.mcu.externaltools.gnu-tools-for-stm32.10.3-2021.10.win32_1.0.0.202111181127/tools/bin/../lib/gcc/arm-none-eabi/10.3.1/../../../../arm-none-eabi/lib/thumb/v7e-m+fp/hard\libc_nano.a(lib_a-mprec.o)
                0x0000000008010490                __lshift
 .text.__mcmp   0x0000000008010570       0x38 c:/st/stm32cubeide_1.9.0/stm32cubeide/plugins/com.st.stm32cube.ide.mcu.externaltools.gnu-tools-for-stm32.10.3-2021.10.win32_1.0.0.202111181127/tools/bin/../lib/gcc/arm-none-eabi/10.3.1/../../../../arm-none-eabi/lib/thumb/v7e-m+fp/hard\libc_nano.a(lib_a-mprec.o)
                0x0000000008010570                __mcmp
 .text.__mdiff  0x00000000080105a8      0x114 c:/st/stm32cubeide_1.9.0/stm32cubeide/plugins/com.st.stm32cube.ide.mcu.externaltools.gnu-tools-for-stm32.10.3-2021.10.win32_1.0.0.202111181127/tools/bin/../lib/gcc/arm-none-eabi/10.3.1/../../../../arm-none-eabi/lib/thumb/v7e-m+fp/hard\libc_nano.a(lib_a-mprec.o)
                0x00000000080105a8                __mdiff
 .text.__ulp    0x00000000080106bc       0x58 c:/st/stm32cubeide_1.9.0/stm32cubeide/plugins/com.st.stm32cube.ide.mcu.externaltools.gnu-tools-for-stm32.10.3-2021.10.win32_1.0.0.202111181127/tools/bin/../lib/gcc/arm-none-eabi/10.3.1/../../../../arm-none-eabi/lib/thumb/v7e-m+fp/hard\libc_nano.a(lib_a-mprec.o)
                0x00000000080106bc                __ulp
 .text.__b2d    0x0000000008010714       0xa0 c:/st/stm32cubeide_1.9.0/stm32cubeide/plugins/com.st.stm32cube.ide.mcu.externaltools.gnu-tools-for-stm32.10.3-2021.10.win32_1.0.0.202111181127/tools/bin/../lib/gcc/arm-none-eabi/10.3.1/../../../../arm-none-eabi/lib/thumb/v7e-m+fp/hard\libc_nano.a(lib_a-mprec.o)
                0x0000000008010714                __b2d
 .text.__d2b    0x00000000080107b4       0xb8 c:/st/stm32cubeide_1.9.0/stm32cubeide/plugins/com.st.stm32cube.ide.mcu.externaltools.gnu-tools-for-stm32.10.3-2021.10.win32_1.0.0.202111181127/tools/bin/../lib/gcc/arm-none-eabi/10.3.1/../../../../arm-none-eabi/lib/thumb/v7e-m+fp/hard\libc_nano.a(lib_a-mprec.o)
                0x00000000080107b4                __d2b
 .text.__ratio  0x000000000801086c       0x66 c:/st/stm32cubeide_1.9.0/stm32cubeide/plugins/com.st.stm32cube.ide.mcu.externaltools.gnu-tools-for-stm32.10.3-2021.10.win32_1.0.0.202111181127/tools/bin/../lib/gcc/arm-none-eabi/10.3.1/../../../../arm-none-eabi/lib/thumb/v7e-m+fp/hard\libc_nano.a(lib_a-mprec.o)
                0x000000000801086c                __ratio
 .text.__copybits
                0x00000000080108d2       0x46 c:/st/stm32cubeide_1.9.0/stm32cubeide/plugins/com.st.stm32cube.ide.mcu.externaltools.gnu-tools-for-stm32.10.3-2021.10.win32_1.0.0.202111181127/tools/bin/../lib/gcc/arm-none-eabi/10.3.1/../../../../arm-none-eabi/lib/thumb/v7e-m+fp/hard\libc_nano.a(lib_a-mprec.o)
                0x00000000080108d2                __copybits
 .text.__any_on
                0x0000000008010918       0x42 c:/st/stm32cubeide_1.9.0/stm32cubeide/plugins/com.st.stm32cube.ide.mcu.externaltools.gnu-tools-for-stm32.10.3-2021.10.win32_1.0.0.202111181127/tools/bin/../lib/gcc/arm-none-eabi/10.3.1/../../../../arm-none-eabi/lib/thumb/v7e-m+fp/hard\libc_nano.a(lib_a-mprec.o)
                0x0000000008010918                __any_on
 .text._calloc_r
                0x000000000801095a       0x2c c:/st/stm32cubeide_1.9.0/stm32cubeide/plugins/com.st.stm32cube.ide.mcu.externaltools.gnu-tools-for-stm32.10.3-2021.10.win32_1.0.0.202111181127/tools/bin/../lib/gcc/arm-none-eabi/10.3.1/../../../../arm-none-eabi/lib/thumb/v7e-m+fp/hard\libc_nano.a(lib_a-nano-callocr.o)
                0x000000000801095a                _calloc_r
 *fill*         0x0000000008010986        0x2 
 .text._free_r  0x0000000008010988       0x98 c:/st/stm32cubeide_1.9.0/stm32cubeide/plugins/com.st.stm32cube.ide.mcu.externaltools.gnu-tools-for-stm32.10.3-2021.10.win32_1.0.0.202111181127/tools/bin/../lib/gcc/arm-none-eabi/10.3.1/../../../../arm-none-eabi/lib/thumb/v7e-m+fp/hard\libc_nano.a(lib_a-nano-freer.o)
                0x0000000008010988                _free_r
 .text.sbrk_aligned
                0x0000000008010a20       0x40 c:/st/stm32cubeide_1.9.0/stm32cubeide/plugins/com.st.stm32cube.ide.mcu.externaltools.gnu-tools-for-stm32.10.3-2021.10.win32_1.0.0.202111181127/tools/bin/../lib/gcc/arm-none-eabi/10.3.1/../../../../arm-none-eabi/lib/thumb/v7e-m+fp/hard\libc_nano.a(lib_a-nano-mallocr.o)
 .text._malloc_r
                0x0000000008010a60       0xe8 c:/st/stm32cubeide_1.9.0/stm32cubeide/plugins/com.st.stm32cube.ide.mcu.externaltools.gnu-tools-for-stm32.10.3-2021.10.win32_1.0.0.202111181127/tools/bin/../lib/gcc/arm-none-eabi/10.3.1/../../../../arm-none-eabi/lib/thumb/v7e-m+fp/hard\libc_nano.a(lib_a-nano-mallocr.o)
                0x0000000008010a60                _malloc_r
 .text.__ssputs_r
                0x0000000008010b48       0xb6 c:/st/stm32cubeide_1.9.0/stm32cubeide/plugins/com.st.stm32cube.ide.mcu.externaltools.gnu-tools-for-stm32.10.3-2021.10.win32_1.0.0.202111181127/tools/bin/../lib/gcc/arm-none-eabi/10.3.1/../../../../arm-none-eabi/lib/thumb/v7e-m+fp/hard\libc_nano.a(lib_a-nano-svfprintf.o)
                0x0000000008010b48                __ssputs_r
 *fill*         0x0000000008010bfe        0x2 
 .text._svfprintf_r
                0x0000000008010c00      0x200 c:/st/stm32cubeide_1.9.0/stm32cubeide/plugins/com.st.stm32cube.ide.mcu.externaltools.gnu-tools-for-stm32.10.3-2021.10.win32_1.0.0.202111181127/tools/bin/../lib/gcc/arm-none-eabi/10.3.1/../../../../arm-none-eabi/lib/thumb/v7e-m+fp/hard\libc_nano.a(lib_a-nano-svfprintf.o)
                0x0000000008010c00                _svfiprintf_r
                0x0000000008010c00                _svfprintf_r
 .text.nan      0x0000000008010e00       0x10 c:/st/stm32cubeide_1.9.0/stm32cubeide/plugins/com.st.stm32cube.ide.mcu.externaltools.gnu-tools-for-stm32.10.3-2021.10.win32_1.0.0.202111181127/tools/bin/../lib/gcc/arm-none-eabi/10.3.1/../../../../arm-none-eabi/lib/thumb/v7e-m+fp/hard\libc_nano.a(lib_a-s_nan.o)
                0x0000000008010e00                nan
 .text._sbrk_r  0x0000000008010e10       0x20 c:/st/stm32cubeide_1.9.0/stm32cubeide/plugins/com.st.stm32cube.ide.mcu.externaltools.gnu-tools-for-stm32.10.3-2021.10.win32_1.0.0.202111181127/tools/bin/../lib/gcc/arm-none-eabi/10.3.1/../../../../arm-none-eabi/lib/thumb/v7e-m+fp/hard\libc_nano.a(lib_a-sbrkr.o)
                0x0000000008010e10                _sbrk_r
 .text.strncmp  0x0000000008010e30       0x28 c:/st/stm32cubeide_1.9.0/stm32cubeide/plugins/com.st.stm32cube.ide.mcu.externaltools.gnu-tools-for-stm32.10.3-2021.10.win32_1.0.0.202111181127/tools/bin/../lib/gcc/arm-none-eabi/10.3.1/../../../../arm-none-eabi/lib/thumb/v7e-m+fp/hard\libc_nano.a(lib_a-strncmp.o)
                0x0000000008010e30                strncmp
 .text.__ascii_wctomb
                0x0000000008010e58       0x1a c:/st/stm32cubeide_1.9.0/stm32cubeide/plugins/com.st.stm32cube.ide.mcu.externaltools.gnu-tools-for-stm32.10.3-2021.10.win32_1.0.0.202111181127/tools/bin/../lib/gcc/arm-none-eabi/10.3.1/../../../../arm-none-eabi/lib/thumb/v7e-m+fp/hard\libc_nano.a(lib_a-wctomb_r.o)
                0x0000000008010e58                __ascii_wctomb
 *fill*         0x0000000008010e72        0x2 
 .text.__assert_func
                0x0000000008010e74       0x3c c:/st/stm32cubeide_1.9.0/stm32cubeide/plugins/com.st.stm32cube.ide.mcu.externaltools.gnu-tools-for-stm32.10.3-2021.10.win32_1.0.0.202111181127/tools/bin/../lib/gcc/arm-none-eabi/10.3.1/../../../../arm-none-eabi/lib/thumb/v7e-m+fp/hard\libc_nano.a(lib_a-assert.o)
                0x0000000008010e74                __assert_func
 .text.fprintf  0x0000000008010eb0       0x24 c:/st/stm32cubeide_1.9.0/stm32cubeide/plugins/com.st.stm32cube.ide.mcu.externaltools.gnu-tools-for-stm32.10.3-2021.10.win32_1.0.0.202111181127/tools/bin/../lib/gcc/arm-none-eabi/10.3.1/../../../../arm-none-eabi/lib/thumb/v7e-m+fp/hard\libc_nano.a(lib_a-fprintf.o)
                0x0000000008010eb0                fiprintf
                0x0000000008010eb0                fprintf
 .text.memmove  0x0000000008010ed4       0x34 c:/st/stm32cubeide_1.9.0/stm32cubeide/plugins/com.st.stm32cube.ide.mcu.externaltools.gnu-tools-for-stm32.10.3-2021.10.win32_1.0.0.202111181127/tools/bin/../lib/gcc/arm-none-eabi/10.3.1/../../../../arm-none-eabi/lib/thumb/v7e-m+fp/hard\libc_nano.a(lib_a-memmove.o)
                0x0000000008010ed4                memmove
 .text.__malloc_lock
                0x0000000008010f08        0xc c:/st/stm32cubeide_1.9.0/stm32cubeide/plugins/com.st.stm32cube.ide.mcu.externaltools.gnu-tools-for-stm32.10.3-2021.10.win32_1.0.0.202111181127/tools/bin/../lib/gcc/arm-none-eabi/10.3.1/../../../../arm-none-eabi/lib/thumb/v7e-m+fp/hard\libc_nano.a(lib_a-mlock.o)
                0x0000000008010f08                __malloc_lock
 .text.__malloc_unlock
                0x0000000008010f14        0xc c:/st/stm32cubeide_1.9.0/stm32cubeide/plugins/com.st.stm32cube.ide.mcu.externaltools.gnu-tools-for-stm32.10.3-2021.10.win32_1.0.0.202111181127/tools/bin/../lib/gcc/arm-none-eabi/10.3.1/../../../../arm-none-eabi/lib/thumb/v7e-m+fp/hard\libc_nano.a(lib_a-mlock.o)
                0x0000000008010f14                __malloc_unlock
 .text._realloc_r
                0x0000000008010f20       0x5e c:/st/stm32cubeide_1.9.0/stm32cubeide/plugins/com.st.stm32cube.ide.mcu.externaltools.gnu-tools-for-stm32.10.3-2021.10.win32_1.0.0.202111181127/tools/bin/../lib/gcc/arm-none-eabi/10.3.1/../../../../arm-none-eabi/lib/thumb/v7e-m+fp/hard\libc_nano.a(lib_a-nano-reallocr.o)
                0x0000000008010f20                _realloc_r
 .text.__sfputc_r
                0x0000000008010f7e       0x2e c:/st/stm32cubeide_1.9.0/stm32cubeide/plugins/com.st.stm32cube.ide.mcu.externaltools.gnu-tools-for-stm32.10.3-2021.10.win32_1.0.0.202111181127/tools/bin/../lib/gcc/arm-none-eabi/10.3.1/../../../../arm-none-eabi/lib/thumb/v7e-m+fp/hard\libc_nano.a(lib_a-nano-vfprintf.o)
 .text.__sfputs_r
                0x0000000008010fac       0x24 c:/st/stm32cubeide_1.9.0/stm32cubeide/plugins/com.st.stm32cube.ide.mcu.externaltools.gnu-tools-for-stm32.10.3-2021.10.win32_1.0.0.202111181127/tools/bin/../lib/gcc/arm-none-eabi/10.3.1/../../../../arm-none-eabi/lib/thumb/v7e-m+fp/hard\libc_nano.a(lib_a-nano-vfprintf.o)
                0x0000000008010fac                __sfputs_r
 .text._vfprintf_r
                0x0000000008010fd0      0x260 c:/st/stm32cubeide_1.9.0/stm32cubeide/plugins/com.st.stm32cube.ide.mcu.externaltools.gnu-tools-for-stm32.10.3-2021.10.win32_1.0.0.202111181127/tools/bin/../lib/gcc/arm-none-eabi/10.3.1/../../../../arm-none-eabi/lib/thumb/v7e-m+fp/hard\libc_nano.a(lib_a-nano-vfprintf.o)
                0x0000000008010fd0                _vfprintf_r
                0x0000000008010fd0                _vfiprintf_r
 .text.__swbuf_r
                0x0000000008011230       0xa4 c:/st/stm32cubeide_1.9.0/stm32cubeide/plugins/com.st.stm32cube.ide.mcu.externaltools.gnu-tools-for-stm32.10.3-2021.10.win32_1.0.0.202111181127/tools/bin/../lib/gcc/arm-none-eabi/10.3.1/../../../../arm-none-eabi/lib/thumb/v7e-m+fp/hard\libc_nano.a(lib_a-wbuf.o)
                0x0000000008011230                __swbuf_r
 .text.__swsetup_r
                0x00000000080112d4       0xdc c:/st/stm32cubeide_1.9.0/stm32cubeide/plugins/com.st.stm32cube.ide.mcu.externaltools.gnu-tools-for-stm32.10.3-2021.10.win32_1.0.0.202111181127/tools/bin/../lib/gcc/arm-none-eabi/10.3.1/../../../../arm-none-eabi/lib/thumb/v7e-m+fp/hard\libc_nano.a(lib_a-wsetup.o)
                0x00000000080112d4                __swsetup_r
 .text.abort    0x00000000080113b0        0xe c:/st/stm32cubeide_1.9.0/stm32cubeide/plugins/com.st.stm32cube.ide.mcu.externaltools.gnu-tools-for-stm32.10.3-2021.10.win32_1.0.0.202111181127/tools/bin/../lib/gcc/arm-none-eabi/10.3.1/../../../../arm-none-eabi/lib/thumb/v7e-m+fp/hard\libc_nano.a(lib_a-abort.o)
                0x00000000080113b0                abort
 *fill*         0x00000000080113be        0x2 
 .text.__sflush_r
                0x00000000080113c0      0x10c c:/st/stm32cubeide_1.9.0/stm32cubeide/plugins/com.st.stm32cube.ide.mcu.externaltools.gnu-tools-for-stm32.10.3-2021.10.win32_1.0.0.202111181127/tools/bin/../lib/gcc/arm-none-eabi/10.3.1/../../../../arm-none-eabi/lib/thumb/v7e-m+fp/hard\libc_nano.a(lib_a-fflush.o)
                0x00000000080113c0                __sflush_r
 .text._fflush_r
                0x00000000080114cc       0x78 c:/st/stm32cubeide_1.9.0/stm32cubeide/plugins/com.st.stm32cube.ide.mcu.externaltools.gnu-tools-for-stm32.10.3-2021.10.win32_1.0.0.202111181127/tools/bin/../lib/gcc/arm-none-eabi/10.3.1/../../../../arm-none-eabi/lib/thumb/v7e-m+fp/hard\libc_nano.a(lib_a-fflush.o)
                0x00000000080114cc                _fflush_r
 .text.std      0x0000000008011544       0x48 c:/st/stm32cubeide_1.9.0/stm32cubeide/plugins/com.st.stm32cube.ide.mcu.externaltools.gnu-tools-for-stm32.10.3-2021.10.win32_1.0.0.202111181127/tools/bin/../lib/gcc/arm-none-eabi/10.3.1/../../../../arm-none-eabi/lib/thumb/v7e-m+fp/hard\libc_nano.a(lib_a-findfp.o)
 .text._cleanup_r
                0x000000000801158c        0xc c:/st/stm32cubeide_1.9.0/stm32cubeide/plugins/com.st.stm32cube.ide.mcu.externaltools.gnu-tools-for-stm32.10.3-2021.10.win32_1.0.0.202111181127/tools/bin/../lib/gcc/arm-none-eabi/10.3.1/../../../../arm-none-eabi/lib/thumb/v7e-m+fp/hard\libc_nano.a(lib_a-findfp.o)
                0x000000000801158c                _cleanup_r
 .text.__sfmoreglue
                0x0000000008011598       0x2c c:/st/stm32cubeide_1.9.0/stm32cubeide/plugins/com.st.stm32cube.ide.mcu.externaltools.gnu-tools-for-stm32.10.3-2021.10.win32_1.0.0.202111181127/tools/bin/../lib/gcc/arm-none-eabi/10.3.1/../../../../arm-none-eabi/lib/thumb/v7e-m+fp/hard\libc_nano.a(lib_a-findfp.o)
                0x0000000008011598                __sfmoreglue
 .text.__sfp_lock_acquire
                0x00000000080115c4        0xc c:/st/stm32cubeide_1.9.0/stm32cubeide/plugins/com.st.stm32cube.ide.mcu.externaltools.gnu-tools-for-stm32.10.3-2021.10.win32_1.0.0.202111181127/tools/bin/../lib/gcc/arm-none-eabi/10.3.1/../../../../arm-none-eabi/lib/thumb/v7e-m+fp/hard\libc_nano.a(lib_a-findfp.o)
                0x00000000080115c4                __sfp_lock_acquire
 .text.__sfp_lock_release
                0x00000000080115d0        0xc c:/st/stm32cubeide_1.9.0/stm32cubeide/plugins/com.st.stm32cube.ide.mcu.externaltools.gnu-tools-for-stm32.10.3-2021.10.win32_1.0.0.202111181127/tools/bin/../lib/gcc/arm-none-eabi/10.3.1/../../../../arm-none-eabi/lib/thumb/v7e-m+fp/hard\libc_nano.a(lib_a-findfp.o)
                0x00000000080115d0                __sfp_lock_release
 .text.__sinit_lock_acquire
                0x00000000080115dc        0xc c:/st/stm32cubeide_1.9.0/stm32cubeide/plugins/com.st.stm32cube.ide.mcu.externaltools.gnu-tools-for-stm32.10.3-2021.10.win32_1.0.0.202111181127/tools/bin/../lib/gcc/arm-none-eabi/10.3.1/../../../../arm-none-eabi/lib/thumb/v7e-m+fp/hard\libc_nano.a(lib_a-findfp.o)
                0x00000000080115dc                __sinit_lock_acquire
 .text.__sinit_lock_release
                0x00000000080115e8        0xc c:/st/stm32cubeide_1.9.0/stm32cubeide/plugins/com.st.stm32cube.ide.mcu.externaltools.gnu-tools-for-stm32.10.3-2021.10.win32_1.0.0.202111181127/tools/bin/../lib/gcc/arm-none-eabi/10.3.1/../../../../arm-none-eabi/lib/thumb/v7e-m+fp/hard\libc_nano.a(lib_a-findfp.o)
                0x00000000080115e8                __sinit_lock_release